#
# There is insufficient memory for the Java Runtime Environment to continue.
# Native memory allocation (mmap) failed to map 65536 bytes. Error detail: Failed to commit metaspace.
# Possible reasons:
#   The system is out of physical RAM or swap space
#   This process is running with CompressedOops enabled, and the Java Heap may be blocking the growth of the native heap
# Possible solutions:
#   Reduce memory load on the system
#   Increase physical memory or swap space
#   Check if swap backing store is full
#   Decrease Java heap size (-Xmx/-Xms)
#   Decrease number of Java threads
#   Decrease Java thread stack sizes (-Xss)
#   Set larger code cache with -XX:ReservedCodeCacheSize=
#   JVM is running with Unscaled Compressed Oops mode in which the Java heap is
#     placed in the first 4GB address space. The Java Heap base address is the
#     maximum limit for the native heap growth. Please use -XX:HeapBaseMinAddress
#     to set the Java Heap base and to place the Java Heap above 4GB virtual address.
# This output file may be truncated or incomplete.
#
#  Out of Memory Error (virtualSpaceNode.cpp:113), pid=17224, tid=10392
#
# JRE version: OpenJDK Runtime Environment Temurin-21.0.9+10 (21.0.9+10) (build 21.0.9+10-LTS)
# Java VM: OpenJDK 64-Bit Server VM Temurin-21.0.9+10 (21.0.9+10-LTS, mixed mode, sharing, tiered, compressed oops, compressed class ptrs, parallel gc, windows-amd64)
# No core dump will be written. Minidumps are not enabled by default on client versions of Windows
#

---------------  S U M M A R Y ------------

Command Line: --add-modules=ALL-SYSTEM --add-opens=java.base/java.util=ALL-UNNAMED --add-opens=java.base/java.lang=ALL-UNNAMED --add-opens=java.base/sun.nio.fs=ALL-UNNAMED -Declipse.application=org.eclipse.jdt.ls.core.id1 -Dosgi.bundles.defaultStartLevel=4 -Declipse.product=org.eclipse.jdt.ls.core.product -Djava.import.generatesMetadataFilesAtProjectRoot=false -DDetectVMInstallationsJob.disabled=true -Dfile.encoding=utf8 -XX:+UseParallelGC -XX:GCTimeRatio=4 -XX:AdaptiveSizePolicyWeight=90 -Dsun.zip.disableMemoryMapping=true -Xmx2G -Xms100m -Xlog:disable -javaagent:c:\Users\PureTrek\.antigravity\extensions\redhat.java-1.52.0-win32-x64\lombok\lombok-1.18.39-4050.jar -XX:+HeapDumpOnOutOfMemoryError -XX:HeapDumpPath=c:\Users\PureTrek\AppData\Roaming\Antigravity\User\workspaceStorage\a88d72cb4ae1111928d1999356a313cd\redhat.java -Daether.dependencyCollector.impl=bf c:\Users\PureTrek\.antigravity\extensions\redhat.java-1.52.0-win32-x64\server\plugins\org.eclipse.equinox.launcher_1.7.100.v20251111-0406.jar -configuration c:\Users\PureTrek\AppData\Roaming\Antigravity\User\globalStorage\redhat.java\1.52.0\config_win -data c:\Users\PureTrek\AppData\Roaming\Antigravity\User\workspaceStorage\a88d72cb4ae1111928d1999356a313cd\redhat.java\jdt_ws --pipe=\\.\pipe\lsp-c3231fbaacb7b44b53936f4593a77381-sock

Host: Intel(R) Core(TM) i5-8250U CPU @ 1.60GHz, 8 cores, 5G,  Windows 10 , 64 bit Build 18362 (10.0.18362.1350)
Time: Sat Feb 21 16:07:27 2026 Hora estándar, América Central elapsed time: 2.414578 seconds (0d 0h 0m 2s)

---------------  T H R E A D  ---------------

Current thread (0x000001ca5051b8e0):  JavaThread "main"             [_thread_in_vm, id=10392, stack(0x0000004cb6700000,0x0000004cb6800000) (1024K)]

Stack: [0x0000004cb6700000,0x0000004cb6800000]
Native frames: (J=compiled Java code, j=interpreted, Vv=VM code, C=native code)
V  [jvm.dll+0x6d6e29]
V  [jvm.dll+0x8b4b76]
V  [jvm.dll+0x8b712e]
V  [jvm.dll+0x8b7813]
V  [jvm.dll+0x283d86]
V  [jvm.dll+0x8b08be]
V  [jvm.dll+0x678824]
V  [jvm.dll+0x1e80ab]
V  [jvm.dll+0x1e7e6e]
V  [jvm.dll+0x67b122]
V  [jvm.dll+0x67af52]
V  [jvm.dll+0x6791fe]
V  [jvm.dll+0x683568]
V  [jvm.dll+0x21937e]
V  [jvm.dll+0x219825]
V  [jvm.dll+0x21a218]
V  [jvm.dll+0x20f44e]
V  [jvm.dll+0x5b5a0f]
V  [jvm.dll+0x82dee6]
V  [jvm.dll+0x478438]
V  [jvm.dll+0x47e268]
C  [java.dll+0x17ec]

Java frames: (J=compiled Java code, j=interpreted, Vv=VM code)
J 1132  java.lang.ClassLoader.defineClass1(Ljava/lang/ClassLoader;Ljava/lang/String;[BIILjava/security/ProtectionDomain;Ljava/lang/String;)Ljava/lang/Class; java.base@21.0.9 (0 bytes) @ 0x000001ca5b269d11 [0x000001ca5b269c40+0x00000000000000d1]
j  java.lang.ClassLoader.defineClass(Ljava/lang/String;[BIILjava/security/ProtectionDomain;)Ljava/lang/Class;+27 java.base@21.0.9
j  java.security.SecureClassLoader.defineClass(Ljava/lang/String;[BIILjava/security/CodeSource;)Ljava/lang/Class;+12 java.base@21.0.9
j  java.net.URLClassLoader.defineClass(Ljava/lang/String;Ljdk/internal/loader/Resource;)Ljava/lang/Class;+220 java.base@21.0.9
j  java.net.URLClassLoader$1.run()Ljava/lang/Class;+43 java.base@21.0.9
j  java.net.URLClassLoader$1.run()Ljava/lang/Object;+1 java.base@21.0.9
J 1171 c1 java.security.AccessController.executePrivileged(Ljava/security/PrivilegedExceptionAction;Ljava/security/AccessControlContext;Ljava/lang/Class;)Ljava/lang/Object; java.base@21.0.9 (65 bytes) @ 0x000001ca538f5844 [0x000001ca538f56e0+0x0000000000000164]
j  java.security.AccessController.doPrivileged(Ljava/security/PrivilegedExceptionAction;Ljava/security/AccessControlContext;)Ljava/lang/Object;+13 java.base@21.0.9
j  java.net.URLClassLoader.findClass(Ljava/lang/String;)Ljava/lang/Class;+13 java.base@21.0.9
J 1187 c1 java.lang.ClassLoader.loadClass(Ljava/lang/String;Z)Ljava/lang/Class; java.base@21.0.9 (121 bytes) @ 0x000001ca538fa5a4 [0x000001ca538f9fe0+0x00000000000005c4]
J 1024 c1 java.lang.ClassLoader.loadClass(Ljava/lang/String;)Ljava/lang/Class; java.base@21.0.9 (7 bytes) @ 0x000001ca538afc54 [0x000001ca538afb40+0x0000000000000114]
v  ~StubRoutines::call_stub 0x000001ca5ac5100d
j  org.eclipse.osgi.internal.framework.EquinoxContainer.<init>(Ljava/util/Map;Lorg/osgi/framework/connect/ModuleConnector;)V+146
j  org.eclipse.osgi.launch.Equinox.<init>(Ljava/util/Map;Lorg/osgi/framework/connect/ModuleConnector;)V+10
j  org.eclipse.osgi.launch.Equinox.<init>(Ljava/util/Map;)V+3
j  org.eclipse.core.runtime.adaptor.EclipseStarter.startup([Ljava/lang/String;Ljava/lang/Runnable;)Lorg/osgi/framework/BundleContext;+28
j  org.eclipse.core.runtime.adaptor.EclipseStarter.run([Ljava/lang/String;Ljava/lang/Runnable;)Ljava/lang/Object;+21
J 920 c1 java.lang.invoke.DirectMethodHandle$Holder.invokeStatic(Ljava/lang/Object;Ljava/lang/Object;Ljava/lang/Object;)Ljava/lang/Object; java.base@21.0.9 (15 bytes) @ 0x000001ca5387db54 [0x000001ca5387d760+0x00000000000003f4]
j  java.lang.invoke.LambdaForm$MH+0x000001ca0108a800.invoke(Ljava/lang/Object;Ljava/lang/Object;Ljava/lang/Object;Ljava/lang/Object;)Ljava/lang/Object;+54 java.base@21.0.9
j  java.lang.invoke.LambdaForm$MH+0x000001ca01002c00.invokeExact_MT(Ljava/lang/Object;Ljava/lang/Object;Ljava/lang/Object;Ljava/lang/Object;Ljava/lang/Object;)Ljava/lang/Object;+22 java.base@21.0.9
j  jdk.internal.reflect.DirectMethodHandleAccessor.invokeImpl(Ljava/lang/Object;[Ljava/lang/Object;)Ljava/lang/Object;+72 java.base@21.0.9
j  jdk.internal.reflect.DirectMethodHandleAccessor.invoke(Ljava/lang/Object;[Ljava/lang/Object;)Ljava/lang/Object;+23 java.base@21.0.9
j  java.lang.reflect.Method.invoke(Ljava/lang/Object;[Ljava/lang/Object;)Ljava/lang/Object;+102 java.base@21.0.9
j  org.eclipse.equinox.launcher.Main.invokeFramework([Ljava/lang/String;[Ljava/net/URL;)V+155
j  org.eclipse.equinox.launcher.Main.basicRun([Ljava/lang/String;)V+191
j  org.eclipse.equinox.launcher.Main.run([Ljava/lang/String;)I+4
j  org.eclipse.equinox.launcher.Main.main([Ljava/lang/String;)V+10
v  ~StubRoutines::call_stub 0x000001ca5ac5100d

Compiled method (n/a) 2501 1132     n 0       java.lang.ClassLoader::defineClass1 (native)
 total in heap  [0x000001ca5b269a90,0x000001ca5b269f18] = 1160
 relocation     [0x000001ca5b269bf0,0x000001ca5b269c28] = 56
 main code      [0x000001ca5b269c40,0x000001ca5b269f16] = 726
 stub code      [0x000001ca5b269f16,0x000001ca5b269f18] = 2

[Constant Pool (empty)]

[MachCode]
[Entry Point]
  # {method} {0x000001ca00436820} 'defineClass1' '(Ljava/lang/ClassLoader;Ljava/lang/String;[BIILjava/security/ProtectionDomain;Ljava/lang/String;)Ljava/lang/Class;' in 'java/lang/ClassLoader'
  # parm0:    rdx:rdx   = 'java/lang/ClassLoader'
  # parm1:    r8:r8     = 'java/lang/String'
  # parm2:    r9:r9     = '[B'
  # parm3:    rdi       = int
  # parm4:    rsi       = int
  # parm5:    rcx:rcx   = 'java/security/ProtectionDomain'
  # parm6:    [sp+0xa0]   = 'java/lang/String'  (sp of caller)
  0x000001ca5b269c40: 448b 5208 | 49bb 0000 | 0000 ca01 | 0000 4d03 | d349 3bc2 | 0f84 0600 

  0x000001ca5b269c58: ;   {runtime_call ic_miss_stub}
  0x000001ca5b269c58: 0000 e921 | 48a3 ff90 
[Verified Entry Point]
  0x000001ca5b269c60: 8984 2400 | 80ff ff55 | 488b ec48 | 81ec 9000 | 0000 6690 | 4181 7f20 | 0100 0000 

  0x000001ca5b269c7c: ;   {runtime_call StubRoutines (final stubs)}
  0x000001ca5b269c7c: 7405 e85d | eda1 ff48 | 837d 1000 | 488d 4510 | 480f 4445 | 1048 8944 | 2440 4889 | 4c24 7048 
  0x000001ca5b269c9c: 83f9 0048 | 8d44 2470 | 480f 4444 | 2470 4889 | 4424 3848 | 8974 2430 | 4889 7c24 | 284c 894c 
  0x000001ca5b269cbc: 2458 4983 | f900 488d | 4424 5848 | 0f44 4424 | 5848 8944 | 2420 4c89 | 4424 5049 | 83f8 004c 
  0x000001ca5b269cdc: 8d4c 2450 | 4c0f 444c | 2450 4889 | 5424 4848 | 83fa 004c | 8d44 2448 | 4c0f 4444 

  0x000001ca5b269cf8: ;   {oop(a 'java/lang/Class'{0x00000000d6ecbbd8} = 'java/lang/ClassLoader')}
  0x000001ca5b269cf8: 2448 49be | d8bb ecd6 | 0000 0000 | 4c89 7424 | 784c 8d74 | 2478 498b | d6c5 f877 

  0x000001ca5b269d14: ;   {internal_word}
  0x000001ca5b269d14: 49ba 119d | 265b ca01 | 0000 4d89 | 97a0 0300 | 0049 89a7 | 9803 0000 

  0x000001ca5b269d2c: ;   {external_word}
  0x000001ca5b269d2c: 49ba cf4d | 84f3 ff7f | 0000 4180 | 3a00 0f84 | 4e00 0000 | 5241 5041 

  0x000001ca5b269d44: ;   {metadata({method} {0x000001ca00436820} 'defineClass1' '(Ljava/lang/ClassLoader;Ljava/lang/String;[BIILjava/security/ProtectionDomain;Ljava/lang/String;)Ljava/lang/Class;' in 'java/lang/ClassLoader')}
  0x000001ca5b269d44: 5148 ba18 | 6843 00ca | 0100 0049 | 8bcf 4883 | ec20 40f6 | c40f 0f84 | 1900 0000 | 4883 ec08 
  0x000001ca5b269d64: ;   {runtime_call}
  0x000001ca5b269d64: 48b8 40d5 | 2df3 ff7f | 0000 ffd0 | 4883 c408 | e90c 0000 

  0x000001ca5b269d78: ;   {runtime_call}
  0x000001ca5b269d78: 0048 b840 | d52d f3ff | 7f00 00ff | d048 83c4 | 2041 5941 | 585a 498d | 8fb8 0300 | 0041 c787 
  0x000001ca5b269d98: 4404 0000 | 0400 0000 

  0x000001ca5b269da0: ;   {runtime_call}
  0x000001ca5b269da0: 48b8 ac16 | 0f26 f87f | 0000 ffd0 | c5f8 7741 | c787 4404 | 0000 0500 | 0000 f083 | 4424 c000 
  0x000001ca5b269dc0: 493b af48 | 0400 000f | 870e 0000 | 0041 83bf | 4004 0000 | 000f 842b | 0000 00c5 | f877 4889 
  0x000001ca5b269de0: 45f8 498b | cf4c 8be4 | 4883 ec20 | 4883 e4f0 

  0x000001ca5b269df0: ;   {runtime_call}
  0x000001ca5b269df0: 48b8 e04b | f9f2 ff7f | 0000 ffd0 | 498b e44d | 33e4 488b | 45f8 41c7 | 8744 0400 | 0008 0000 
  0x000001ca5b269e10: 0041 83bf | c004 0000 | 020f 84ca 

  0x000001ca5b269e1c: ;   {external_word}
  0x000001ca5b269e1c: 0000 0049 | bacf 4d84 | f3ff 7f00 | 0041 803a | 000f 844c | 0000 0048 

  0x000001ca5b269e34: ;   {metadata({method} {0x000001ca00436820} 'defineClass1' '(Ljava/lang/ClassLoader;Ljava/lang/String;[BIILjava/security/ProtectionDomain;Ljava/lang/String;)Ljava/lang/Class;' in 'java/lang/ClassLoader')}
  0x000001ca5b269e34: 8945 f848 | ba18 6843 | 00ca 0100 | 0049 8bcf | 4883 ec20 | 40f6 c40f | 0f84 1900 | 0000 4883 
  0x000001ca5b269e54: ;   {runtime_call}
  0x000001ca5b269e54: ec08 48b8 | 40d5 2df3 | ff7f 0000 | ffd0 4883 | c408 e90c 

  0x000001ca5b269e68: ;   {runtime_call}
  0x000001ca5b269e68: 0000 0048 | b840 d52d | f3ff 7f00 | 00ff d048 | 83c4 2048 | 8b45 f849 | c787 9803 | 0000 0000 
  0x000001ca5b269e88: 0000 49c7 | 87a0 0300 | 0000 0000 | 00c5 f877 | 4885 c00f | 8425 0000 | 00a8 030f | 8508 0000 
  0x000001ca5b269ea8: 0048 8b00 | e915 0000 | 00a8 010f | 8509 0000 | 0048 8b40 | fee9 0400 | 0000 488b | 40ff 498b 
  0x000001ca5b269ec8: 8f28 0400 | 00c7 8100 | 0100 0000 | 0000 00c9 | 4983 7f08 | 000f 8501 | 0000 00c3 

  0x000001ca5b269ee4: ;   {runtime_call StubRoutines (initial stubs)}
  0x000001ca5b269ee4: e917 709e | ffc5 f877 | 4889 45f8 | 4c8b e448 | 83ec 2048 

  0x000001ca5b269ef8: ;   {runtime_call}
  0x000001ca5b269ef8: 83e4 f048 | b890 0c2e | f3ff 7f00 | 00ff d049 | 8be4 4d33 | e448 8b45 | f8e9 09ff | ffff f4f4 
[/MachCode]


Compiled method (c1) 2554 1171       3       java.security.AccessController::executePrivileged (65 bytes)
 total in heap  [0x000001ca538f5510,0x000001ca538f5b00] = 1520
 relocation     [0x000001ca538f5670,0x000001ca538f56d8] = 104
 main code      [0x000001ca538f56e0,0x000001ca538f5988] = 680
 stub code      [0x000001ca538f5988,0x000001ca538f59e0] = 88
 metadata       [0x000001ca538f59e0,0x000001ca538f59f0] = 16
 scopes data    [0x000001ca538f59f0,0x000001ca538f5a68] = 120
 scopes pcs     [0x000001ca538f5a68,0x000001ca538f5ae8] = 128
 dependencies   [0x000001ca538f5ae8,0x000001ca538f5af0] = 8
 nul chk table  [0x000001ca538f5af0,0x000001ca538f5b00] = 16

[Constant Pool (empty)]

[MachCode]
[Verified Entry Point]
  # {method} {0x000001ca004724f0} 'executePrivileged' '(Ljava/security/PrivilegedExceptionAction;Ljava/security/AccessControlContext;Ljava/lang/Class;)Ljava/lang/Object;' in 'java/security/AccessController'
  # parm0:    rdx:rdx   = 'java/security/PrivilegedExceptionAction'
  # parm1:    r8:r8     = 'java/security/AccessControlContext'
  # parm2:    r9:r9     = 'java/lang/Class'
  #           [sp+0x50]  (sp of caller)
  0x000001ca538f56e0: 8984 2400 | 80ff ff55 | 4883 ec40 | 4181 7f20 | 0100 0000 

  0x000001ca538f56f4: ;   {runtime_call StubRoutines (final stubs)}
  0x000001ca538f56f4: 7405 e8e5 | 3239 074c | 8944 2430 

  0x000001ca538f5700: ;   {metadata(method data for {method} {0x000001ca004724f0} 'executePrivileged' '(Ljava/security/PrivilegedExceptionAction;Ljava/security/AccessControlContext;Ljava/lang/Class;)Ljava/lang/Object;' in 'java/security/AccessController')}
  0x000001ca538f5700: 48be d859 | 3169 ca01 | 0000 8bbe | cc00 0000 | 83c7 0289 | becc 0000 | 0081 e7fe | 0700 0085 
  0x000001ca538f5720: ff0f 84bf | 0100 004d 

  0x000001ca538f5728: ;   {metadata(method data for {method} {0x000001ca004724f0} 'executePrivileged' '(Ljava/security/PrivilegedExceptionAction;Ljava/security/AccessControlContext;Ljava/lang/Class;)Ljava/lang/Object;' in 'java/security/AccessController')}
  0x000001ca538f5728: 85c0 48be | d859 3169 | ca01 0000 | 48c7 c710 | 0100 0074 | 0748 c7c7 | 2001 0000 | 488b 1c3e 
  0x000001ca538f5748: 488d 5b01 | 4889 1c3e | 4c89 4c24 | 2848 8954 | 2420 0f84 | 2400 0000 

  0x000001ca538f5760: ;   {metadata(method data for {method} {0x000001ca004724f0} 'executePrivileged' '(Ljava/security/PrivilegedExceptionAction;Ljava/security/AccessControlContext;Ljava/lang/Class;)Ljava/lang/Object;' in 'java/security/AccessController')}
  0x000001ca538f5760: 48be d859 | 3169 ca01 | 0000 4883 | 8630 0100 | 0001 498b 

  0x000001ca538f5774: ;   {static_call}
  0x000001ca538f5774: d066 90e8 

  0x000001ca538f5778: ; ImmutableOopMap {[32]=Oop [40]=Oop [48]=Oop }
                      ;*invokestatic ensureMaterializedForStackWalk {reexecute=0 rethrow=0 return_oop=0}
                      ; - java.security.AccessController::executePrivileged@5
  0x000001ca538f5778: 2002 0000 

  0x000001ca538f577c: ;   {other}
  0x000001ca538f577c: 0f1f 8400 | 6c02 0000 

  0x000001ca538f5784: ;   {metadata(method data for {method} {0x000001ca004724f0} 'executePrivileged' '(Ljava/security/PrivilegedExceptionAction;Ljava/security/AccessControlContext;Ljava/lang/Class;)Ljava/lang/Object;' in 'java/security/AccessController')}
  0x000001ca538f5784: 48ba d859 | 3169 ca01 | 0000 ff82 | 4001 0000 | 488b 5424 | 2048 3b02 

  0x000001ca538f579c: ;   {metadata(method data for {method} {0x000001ca004724f0} 'executePrivileged' '(Ljava/security/PrivilegedExceptionAction;Ljava/security/AccessControlContext;Ljava/lang/Class;)Ljava/lang/Object;' in 'java/security/AccessController')}
  0x000001ca538f579c: 488b f248 | bfd8 5931 | 69ca 0100 | 008b 7608 | 49ba 0000 | 0000 ca01 | 0000 4903 | f248 3bb7 
  0x000001ca538f57bc: b001 0000 | 750d 4883 | 87b8 0100 | 0001 e960 | 0000 0048 | 3bb7 c001 | 0000 750d | 4883 87c8 
  0x000001ca538f57dc: 0100 0001 | e94a 0000 | 0048 83bf | b001 0000 | 0075 1748 | 89b7 b001 | 0000 48c7 | 87b8 0100 
  0x000001ca538f57fc: 0001 0000 | 00e9 2900 | 0000 4883 | bfc0 0100 | 0000 7517 | 4889 b7c0 | 0100 0048 | c787 c801 
  0x000001ca538f581c: 0000 0100 | 0000 e908 | 0000 0048 | 8387 a001 | 0000 0166 | 0f1f 4400 | 0048 b8ff | ffff ffff 
  0x000001ca538f583c: ;   {virtual_call}
  0x000001ca538f583c: ffff ffe8 

  0x000001ca538f5840: ; ImmutableOopMap {[40]=Oop [48]=Oop }
                      ;*invokeinterface run {reexecute=0 rethrow=0 return_oop=0}
                      ; - java.security.AccessController::executePrivileged@29
  0x000001ca538f5840: 5c60 3a07 

  0x000001ca538f5844: ;   {other}
  0x000001ca538f5844: 0f1f 8400 | 3403 0001 

  0x000001ca538f584c: ;   {metadata(method data for {method} {0x000001ca004724f0} 'executePrivileged' '(Ljava/security/PrivilegedExceptionAction;Ljava/security/AccessControlContext;Ljava/lang/Class;)Ljava/lang/Object;' in 'java/security/AccessController')}
  0x000001ca538f584c: 48be d859 | 3169 ca01 | 0000 ff86 | d801 0000 | 4c8b 4c24 

  0x000001ca538f5860: ;   {metadata(method data for {method} {0x000001ca004724f0} 'executePrivileged' '(Ljava/security/PrivilegedExceptionAction;Ljava/security/AccessControlContext;Ljava/lang/Class;)Ljava/lang/Object;' in 'java/security/AccessController')}
  0x000001ca538f5860: 2848 bed8 | 5931 69ca | 0100 0048 | 8386 3802 

  0x000001ca538f5870: ;   {metadata(method data for {method} {0x000001ca0003d898} 'reachabilityFence' '(Ljava/lang/Object;)V' in 'java/lang/ref/Reference')}
  0x000001ca538f5870: 0000 0148 | be78 b305 | 69ca 0100 | 008b becc | 0000 0083 | c702 89be | cc00 0000 | 81e7 feff 
  0x000001ca538f5890: 1f00 85ff | 0f84 7200 

  0x000001ca538f5898: ;   {metadata(method data for {method} {0x000001ca004724f0} 'executePrivileged' '(Ljava/security/PrivilegedExceptionAction;Ljava/security/AccessControlContext;Ljava/lang/Class;)Ljava/lang/Object;' in 'java/security/AccessController')}
  0x000001ca538f5898: 0000 48be | d859 3169 | ca01 0000 | 4883 8648 | 0200 0001 

  0x000001ca538f58ac: ;   {metadata(method data for {method} {0x000001ca0003d898} 'reachabilityFence' '(Ljava/lang/Object;)V' in 'java/lang/ref/Reference')}
  0x000001ca538f58ac: 48be 78b3 | 0569 ca01 | 0000 8bbe | cc00 0000 | 83c7 0289 | becc 0000 | 0081 e7fe | ff1f 0085 
  0x000001ca538f58cc: ff0f 845a | 0000 0048 | 83c4 405d 

  0x000001ca538f58d8: ;   {poll_return}
  0x000001ca538f58d8: 493b a748 | 0400 000f | 8766 0000 

  0x000001ca538f58e4: ;   {metadata({method} {0x000001ca004724f0} 'executePrivileged' '(Ljava/security/PrivilegedExceptionAction;Ljava/security/AccessControlContext;Ljava/lang/Class;)Ljava/lang/Object;' in 'java/security/AccessController')}
  0x000001ca538f58e4: 00c3 49ba | e824 4700 | ca01 0000 | 4c89 5424 | 0848 c704 | 24ff ffff 

  0x000001ca538f58fc: ;   {runtime_call counter_overflow Runtime1 stub}
  0x000001ca538f58fc: ffe8 7e03 

  0x000001ca538f5900: ; ImmutableOopMap {rdx=Oop r8=Oop r9=Oop [48]=Oop }
                      ;*synchronization entry
                      ; - java.security.AccessController::executePrivileged@-1
  0x000001ca538f5900: 4607 e920 

  0x000001ca538f5904: ;   {runtime_call throw_null_pointer_exception Runtime1 stub}
  0x000001ca538f5904: feff ffe8 

  0x000001ca538f5908: ; ImmutableOopMap {rdx=Oop [40]=Oop [48]=Oop }
                      ;*invokeinterface run {reexecute=0 rethrow=0 return_oop=0}
                      ; - java.security.AccessController::executePrivileged@29
  0x000001ca538f5908: f4c6 3c07 

  0x000001ca538f590c: ;   {metadata({method} {0x000001ca0003d898} 'reachabilityFence' '(Ljava/lang/Object;)V' in 'java/lang/ref/Reference')}
  0x000001ca538f590c: 49ba 90d8 | 0300 ca01 | 0000 4c89 | 5424 0848 | c704 24ff 

  0x000001ca538f5920: ;   {runtime_call counter_overflow Runtime1 stub}
  0x000001ca538f5920: ffff ffe8 

  0x000001ca538f5924: ; ImmutableOopMap {rax=Oop r9=Oop }
                      ;*synchronization entry
                      ; - java.lang.ref.Reference::reachabilityFence@-1
                      ; - java.security.AccessController::executePrivileged@56
  0x000001ca538f5924: 5803 4607 | e96d ffff 

  0x000001ca538f592c: ;   {metadata({method} {0x000001ca0003d898} 'reachabilityFence' '(Ljava/lang/Object;)V' in 'java/lang/ref/Reference')}
  0x000001ca538f592c: ff49 ba90 | d803 00ca | 0100 004c | 8954 2408 | 48c7 0424 | ffff ffff 

  0x000001ca538f5944: ;   {runtime_call counter_overflow Runtime1 stub}
  0x000001ca538f5944: e837 0346 

  0x000001ca538f5948: ; ImmutableOopMap {rax=Oop }
                      ;*synchronization entry
                      ; - java.lang.ref.Reference::reachabilityFence@-1
                      ; - java.security.AccessController::executePrivileged@60
                      ;   {internal_word}
  0x000001ca538f5948: 07eb 8849 | bad8 588f | 53ca 0100 | 004d 8997 | 6004 0000 

  0x000001ca538f595c: ;   {runtime_call SafepointBlob}
  0x000001ca538f595c: e99f f13a | 0749 8b87 | f804 0000 | 49c7 87f8 | 0400 0000 | 0000 0049 | c787 0005 | 0000 0000 
  0x000001ca538f597c: 0000 4883 

  0x000001ca538f5980: ;   {runtime_call unwind_exception Runtime1 stub}
  0x000001ca538f5980: c440 5de9 | 78d5 3c07 
[Stub Code]
  0x000001ca538f5988: ;   {no_reloc}
  0x000001ca538f5988: 0f1f 4400 

  0x000001ca538f598c: ;   {static_stub}
  0x000001ca538f598c: 0048 bb00 | 0000 0000 

  0x000001ca538f5994: ;   {runtime_call nmethod}
  0x000001ca538f5994: 0000 00e9 | fbff ffff 

  0x000001ca538f599c: ;   {static_stub}
  0x000001ca538f599c: 48bb 6823 | 4700 ca01 

  0x000001ca538f59a4: ;   {runtime_call I2C/C2I adapters}
  0x000001ca538f59a4: 0000 e938 

  0x000001ca538f59a8: ;   {runtime_call handle_exception_from_callee Runtime1 stub}
  0x000001ca538f59a8: 823a 07e8 | 50a8 3c07 

  0x000001ca538f59b0: ;   {external_word}
  0x000001ca538f59b0: 48b9 2053 | 5af3 ff7f | 0000 4883 

  0x000001ca538f59bc: ;   {runtime_call}
  0x000001ca538f59bc: e4f0 48b8 | 90b7 1cf3 | ff7f 0000 

  0x000001ca538f59c8: ;   {section_word}
  0x000001ca538f59c8: ffd0 f449 | bacb 598f | 53ca 0100 

  0x000001ca538f59d4: ;   {runtime_call DeoptimizationBlob}
  0x000001ca538f59d4: 0041 52e9 | c4e3 3a07 | f4f4 f4f4 
[/MachCode]


Compiled method (c1) 2569 1187   !   3       java.lang.ClassLoader::loadClass (121 bytes)
 total in heap  [0x000001ca538f9d10,0x000001ca538fb2f0] = 5600
 relocation     [0x000001ca538f9e70,0x000001ca538f9fd8] = 360
 main code      [0x000001ca538f9fe0,0x000001ca538fabc8] = 3048
 stub code      [0x000001ca538fabc8,0x000001ca538faca0] = 216
 oops           [0x000001ca538faca0,0x000001ca538facb0] = 16
 metadata       [0x000001ca538facb0,0x000001ca538fad18] = 104
 scopes data    [0x000001ca538fad18,0x000001ca538faf78] = 608
 scopes pcs     [0x000001ca538faf78,0x000001ca538fb138] = 448
 dependencies   [0x000001ca538fb138,0x000001ca538fb158] = 32
 handler table  [0x000001ca538fb158,0x000001ca538fb2d8] = 384
 nul chk table  [0x000001ca538fb2d8,0x000001ca538fb2f0] = 24

[Constant Pool (empty)]

[MachCode]
[Entry Point]
  # {method} {0x000001ca00014398} 'loadClass' '(Ljava/lang/String;Z)Ljava/lang/Class;' in 'java/lang/ClassLoader'
  # this:     rdx:rdx   = 'java/lang/ClassLoader'
  # parm0:    r8:r8     = 'java/lang/String'
  # parm1:    r9        = boolean
  #           [sp+0xd0]  (sp of caller)
  0x000001ca538f9fe0: 448b 5208 | 49bb 0000 | 0000 ca01 | 0000 4d03 | d34c 3bd0 

  0x000001ca538f9ff4: ;   {runtime_call ic_miss_stub}
  0x000001ca538f9ff4: 0f85 8644 | 3a07 660f | 1f44 0000 
[Verified Entry Point]
  0x000001ca538fa000: 8984 2400 | 80ff ff55 | 4881 ecc0 | 0000 0090 | 4181 7f20 | 0100 0000 

  0x000001ca538fa018: ;   {runtime_call StubRoutines (final stubs)}
  0x000001ca538fa018: 7405 e8c1 | e938 0748 | 8954 2450 | 4c89 4424 

  0x000001ca538fa028: ;   {metadata(method data for {method} {0x000001ca00014398} 'loadClass' '(Ljava/lang/String;Z)Ljava/lang/Class;' in 'java/lang/ClassLoader')}
  0x000001ca538fa028: 5848 bea8 | 7631 69ca | 0100 008b | becc 0000 | 0083 c702 | 89be cc00 | 0000 81e7 | fe07 0000 
  0x000001ca538fa048: 85ff 0f84 | 7409 0000 | 4489 4c24 | 6048 8bf2 

  0x000001ca538fa058: ;   {metadata(method data for {method} {0x000001ca00014398} 'loadClass' '(Ljava/lang/String;Z)Ljava/lang/Class;' in 'java/lang/ClassLoader')}
  0x000001ca538fa058: 48bf a876 | 3169 ca01 | 0000 8b76 | 0849 ba00 | 0000 00ca | 0100 0049 | 03f2 483b | b720 0100 
  0x000001ca538fa078: 0075 0d48 | 8387 2801 | 0000 01e9 | 6000 0000 | 483b b730 | 0100 0075 | 0d48 8387 | 3801 0000 
  0x000001ca538fa098: 01e9 4a00 | 0000 4883 | bf20 0100 | 0000 7517 | 4889 b720 | 0100 0048 | c787 2801 | 0000 0100 
  0x000001ca538fa0b8: 0000 e929 | 0000 0048 | 83bf 3001 | 0000 0075 | 1748 89b7 | 3001 0000 | 48c7 8738 | 0100 0001 
  0x000001ca538fa0d8: 0000 00e9 | 0800 0000 | 4883 8710 | 0100 0001 | 498b f04c | 8bc6 488b | fa48 8bd7 

  0x000001ca538fa0f4: ;   {optimized virtual_call}
  0x000001ca538fa0f4: 6666 90e8 

  0x000001ca538fa0f8: ; ImmutableOopMap {[80]=Oop [88]=Oop }
                      ;*invokevirtual getClassLoadingLock {reexecute=0 rethrow=0 return_oop=0}
                      ; - java.lang.ClassLoader::loadClass@2
  0x000001ca538fa0f8: 84a9 faff 

  0x000001ca538fa0fc: ;   {other}
  0x000001ca538fa0fc: 0f1f 8400 | ec03 0000 | 4889 4424 | 6848 8d94 | 24a0 0000 | 0048 8bf0 | 4889 7208 

  0x000001ca538fa118: ; implicit exception: dispatches to 0x000001ca538fa9e5
  0x000001ca538fa118: 488b 0648 | 83c8 0148 | 8902 f048 | 0fb1 160f | 8412 0000 | 0048 2bc4 | 4825 07f0 | ffff 4889 
  0x000001ca538fa138: 020f 85ab | 0800 0049 | ff87 4805 | 0000 488b 

  0x000001ca538fa148: ;   {metadata(method data for {method} {0x000001ca00014398} 'loadClass' '(Ljava/lang/String;Z)Ljava/lang/Class;' in 'java/lang/ClassLoader')}
  0x000001ca538fa148: 5424 5048 | bea8 7631 | 69ca 0100 | 0048 8386 | 4801 0000 

  0x000001ca538fa15c: ;   {metadata(method data for {method} {0x000001ca00436ca8} 'findLoadedClass' '(Ljava/lang/String;)Ljava/lang/Class;' in 'java/lang/ClassLoader')}
  0x000001ca538fa15c: 0148 ba30 | c623 69ca | 0100 008b | b2cc 0000 | 0083 c602 | 89b2 cc00 | 0000 81e6 | feff 1f00 
  0x000001ca538fa17c: 85f6 0f84 | 7908 0000 

  0x000001ca538fa184: ;   {metadata(method data for {method} {0x000001ca00436ca8} 'findLoadedClass' '(Ljava/lang/String;)Ljava/lang/Class;' in 'java/lang/ClassLoader')}
  0x000001ca538fa184: 48ba 30c6 | 2369 ca01 | 0000 4883 | 8210 0100 | 0001 488b | 5424 580f 

  0x000001ca538fa19c: ;   {static_call}
  0x000001ca538fa19c: 1f40 00e8 

  0x000001ca538fa1a0: ; ImmutableOopMap {[80]=Oop [88]=Oop [104]=Oop [168]=Oop }
                      ;*invokestatic checkName {reexecute=0 rethrow=0 return_oop=0}
                      ; - java.lang.ClassLoader::findLoadedClass@1
                      ; - java.lang.ClassLoader::loadClass@10
  0x000001ca538fa1a0: 1c36 ebff 

  0x000001ca538fa1a4: ;   {other}
  0x000001ca538fa1a4: 0f1f 8400 | 9404 0001 

  0x000001ca538fa1ac: ;   {metadata(method data for {method} {0x000001ca00436ca8} 'findLoadedClass' '(Ljava/lang/String;)Ljava/lang/Class;' in 'java/lang/ClassLoader')}
  0x000001ca538fa1ac: 85c0 49b8 | 30c6 2369 | ca01 0000 | 48c7 c220 | 0100 0075 | 0748 c7c2 | 3001 0000 | 498b 3410 
  0x000001ca538fa1cc: 488d 7601 | 4989 3410 | 0f85 0f00 

  0x000001ca538fa1d8: ;   {oop(nullptr)}
  0x000001ca538fa1d8: 0000 48be | 0000 0000 | 0000 0000 | e936 0000 | 0048 8b54 

  0x000001ca538fa1ec: ;   {metadata(method data for {method} {0x000001ca00436ca8} 'findLoadedClass' '(Ljava/lang/String;)Ljava/lang/Class;' in 'java/lang/ClassLoader')}
  0x000001ca538fa1ec: 2450 49b8 | 30c6 2369 | ca01 0000 | 4983 8040 | 0100 0001 | 4c8b 4424 | 5848 8b54 | 2450 0f1f 
  0x000001ca538fa20c: ;   {optimized virtual_call}
  0x000001ca538fa20c: 4400 00e8 

  0x000001ca538fa210: ; ImmutableOopMap {[80]=Oop [88]=Oop [104]=Oop [168]=Oop }
                      ;*invokevirtual findLoadedClass0 {reexecute=0 rethrow=0 return_oop=0}
                      ; - java.lang.ClassLoader::findLoadedClass@11
                      ; - java.lang.ClassLoader::loadClass@10
  0x000001ca538fa210: ac9e 9107 

  0x000001ca538fa214: ;   {other}
  0x000001ca538fa214: 0f1f 8400 | 0405 0002 | 488b f048 

  0x000001ca538fa220: ;   {metadata(method data for {method} {0x000001ca00014398} 'loadClass' '(Ljava/lang/String;Z)Ljava/lang/Class;' in 'java/lang/ClassLoader')}
  0x000001ca538fa220: 85f6 48bf | a876 3169 | ca01 0000 | 48c7 c380 | 0100 0075 | 0748 c7c3 | 9001 0000 | 488b 041f 
  0x000001ca538fa240: 488d 4001 | 4889 041f | 0f85 9605 | 0000 4889 

  0x000001ca538fa250: ;   {metadata(method data for {method} {0x000001ca00014398} 'loadClass' '(Ljava/lang/String;Z)Ljava/lang/Class;' in 'java/lang/ClassLoader')}
  0x000001ca538fa250: 7424 7048 | bfa8 7631 | 69ca 0100 | 0048 8387 | a001 0000 

  0x000001ca538fa264: ;   {runtime_call}
  0x000001ca538fa264: 0148 b810 | 1b27 f3ff | 7f00 00ff 

  0x000001ca538fa270: ;   {other}
  0x000001ca538fa270: d00f 1f84 | 0000 0000 | 0048 8944 | 2478 488b | 5424 508b | 7218 4885 

  0x000001ca538fa288: ;   {metadata(method data for {method} {0x000001ca00014398} 'loadClass' '(Ljava/lang/String;Z)Ljava/lang/Class;' in 'java/lang/ClassLoader')}
  0x000001ca538fa288: f649 b8a8 | 7631 69ca | 0100 0049 | c7c1 b001 | 0000 7407 | 49c7 c1c0 | 0100 004b | 8b3c 0848 
  0x000001ca538fa2a8: 8d7f 014b | 893c 080f | 84d4 0000 | 0048 3b06 

  0x000001ca538fa2b8: ;   {metadata(method data for {method} {0x000001ca00014398} 'loadClass' '(Ljava/lang/String;Z)Ljava/lang/Class;' in 'java/lang/ClassLoader')}
  0x000001ca538fa2b8: 4c8b c649 | b9a8 7631 | 69ca 0100 | 0045 8b40 | 0849 ba00 | 0000 00ca | 0100 004d | 03c2 4d3b 
  0x000001ca538fa2d8: 81e0 0100 | 0075 0d49 | 8381 e801 | 0000 01e9 | 6000 0000 | 4d3b 81f0 | 0100 0075 | 0d49 8381 
  0x000001ca538fa2f8: f801 0000 | 01e9 4a00 | 0000 4983 | b9e0 0100 | 0000 7517 | 4d89 81e0 | 0100 0049 | c781 e801 
  0x000001ca538fa318: 0000 0100 | 0000 e929 | 0000 0049 | 83b9 f001 | 0000 0075 | 174d 8981 | f001 0000 | 49c7 81f8 
  0x000001ca538fa338: 0100 0001 | 0000 00e9 | 0800 0000 | 4983 81d0 | 0100 0001 | 4c8b 4424 | 5841 b900 | 0000 0048 
  0x000001ca538fa358: 8bd6 6666 | 9048 b8ff | ffff ffff 

  0x000001ca538fa364: ;   {virtual_call}
  0x000001ca538fa364: ffff ffe8 

  0x000001ca538fa368: ; ImmutableOopMap {[80]=Oop [88]=Oop [104]=Oop [112]=Oop [168]=Oop }
                      ;*invokevirtual loadClass {reexecute=0 rethrow=0 return_oop=0}
                      ; - java.lang.ClassLoader::loadClass@38
  0x000001ca538fa368: b415 3a07 

  0x000001ca538fa36c: ;   {other}
  0x000001ca538fa36c: 0f1f 8400 | 5c06 0003 

  0x000001ca538fa374: ;   {metadata(method data for {method} {0x000001ca00014398} 'loadClass' '(Ljava/lang/String;Z)Ljava/lang/Class;' in 'java/lang/ClassLoader')}
  0x000001ca538fa374: 48ba a876 | 3169 ca01 | 0000 ff82 | 0802 0000 | e9d1 0000 

  0x000001ca538fa388: ;   {metadata(method data for {method} {0x000001ca00014398} 'loadClass' '(Ljava/lang/String;Z)Ljava/lang/Class;' in 'java/lang/ClassLoader')}
  0x000001ca538fa388: 0048 baa8 | 7631 69ca | 0100 0048 | 8382 2002 

  0x000001ca538fa398: ;   {metadata(method data for {method} {0x000001ca00436c50} 'findBootstrapClassOrNull' '(Ljava/lang/String;)Ljava/lang/Class;' in 'java/lang/ClassLoader')}
  0x000001ca538fa398: 0000 0148 | bad8 2430 | 69ca 0100 | 008b b2cc | 0000 0083 | c602 89b2 | cc00 0000 | 81e6 feff 
  0x000001ca538fa3b8: 1f00 85f6 | 0f84 6106 

  0x000001ca538fa3c0: ;   {metadata(method data for {method} {0x000001ca00436c50} 'findBootstrapClassOrNull' '(Ljava/lang/String;)Ljava/lang/Class;' in 'java/lang/ClassLoader')}
  0x000001ca538fa3c0: 0000 48ba | d824 3069 | ca01 0000 | 4883 8210 | 0100 0001 | 488b 5424 | 5866 0f1f 

  0x000001ca538fa3dc: ;   {static_call}
  0x000001ca538fa3dc: 4400 00e8 

  0x000001ca538fa3e0: ; ImmutableOopMap {[80]=Oop [88]=Oop [104]=Oop [112]=Oop [168]=Oop }
                      ;*invokestatic checkName {reexecute=0 rethrow=0 return_oop=0}
                      ; - java.lang.ClassLoader::findBootstrapClassOrNull@1
                      ; - java.lang.ClassLoader::loadClass@47
  0x000001ca538fa3e0: 9c49 3a07 

  0x000001ca538fa3e4: ;   {other}
  0x000001ca538fa3e4: 0f1f 8400 | d406 0004 

  0x000001ca538fa3ec: ;   {metadata(method data for {method} {0x000001ca00436c50} 'findBootstrapClassOrNull' '(Ljava/lang/String;)Ljava/lang/Class;' in 'java/lang/ClassLoader')}
  0x000001ca538fa3ec: 85c0 48ba | d824 3069 | ca01 0000 | 48c7 c620 | 0100 0075 | 0748 c7c6 | 3001 0000 | 488b 3c32 
  0x000001ca538fa40c: 488d 7f01 | 4889 3c32 | 0f85 0f00 

  0x000001ca538fa418: ;   {oop(nullptr)}
  0x000001ca538fa418: 0000 48be | 0000 0000 | 0000 0000 | e92e 0000 

  0x000001ca538fa428: ;   {metadata(method data for {method} {0x000001ca00436c50} 'findBootstrapClassOrNull' '(Ljava/lang/String;)Ljava/lang/Class;' in 'java/lang/ClassLoader')}
  0x000001ca538fa428: 0048 bad8 | 2430 69ca | 0100 0048 | 8382 4001 | 0000 0148 | 8b54 2458 | 0f1f 8000 

  0x000001ca538fa444: ;   {static_call}
  0x000001ca538fa444: 0000 00e8 

  0x000001ca538fa448: ; ImmutableOopMap {[80]=Oop [88]=Oop [104]=Oop [112]=Oop [168]=Oop }
                      ;*invokestatic findBootstrapClass {reexecute=0 rethrow=0 return_oop=0}
                      ; - java.lang.ClassLoader::findBootstrapClassOrNull@10
                      ; - java.lang.ClassLoader::loadClass@47
  0x000001ca538fa448: 3449 3a07 

  0x000001ca538fa44c: ;   {other}
  0x000001ca538fa44c: 0f1f 8400 | 3c07 0005 | 488b f048 

  0x000001ca538fa458: ;   {metadata(method data for {method} {0x000001ca00014398} 'loadClass' '(Ljava/lang/String;Z)Ljava/lang/Class;' in 'java/lang/ClassLoader')}
  0x000001ca538fa458: 8bc6 48be | a876 3169 | ca01 0000 | ff86 3002 | 0000 e91e | 0000 0049 | 8b87 f804 | 0000 4d33 
  0x000001ca538fa478: d24d 8997 | f804 0000 | 4d33 d24d | 8997 0005 | 0000 488b | c648 85c0 

  0x000001ca538fa490: ;   {metadata(method data for {method} {0x000001ca00014398} 'loadClass' '(Ljava/lang/String;Z)Ljava/lang/Class;' in 'java/lang/ClassLoader')}
  0x000001ca538fa490: 48be a876 | 3169 ca01 | 0000 48c7 | c758 0200 | 0074 0748 | c7c7 4802 | 0000 488b | 1c3e 488d 
  0x000001ca538fa4b0: 5b01 4889 | 1c3e 0f84 | 0800 0000 | 488b f0e9 | 2003 0000 

  0x000001ca538fa4c4: ;   {metadata(method data for {method} {0x000001ca00014398} 'loadClass' '(Ljava/lang/String;Z)Ljava/lang/Class;' in 'java/lang/ClassLoader')}
  0x000001ca538fa4c4: 48be a876 | 3169 ca01 | 0000 4883 | 8668 0200 

  0x000001ca538fa4d4: ;   {runtime_call}
  0x000001ca538fa4d4: 0001 48b8 | 101b 27f3 | ff7f 0000 

  0x000001ca538fa4e0: ;   {other}
  0x000001ca538fa4e0: ffd0 0f1f | 8400 0000 | 0000 488b 

  0x000001ca538fa4ec: ;   {metadata(method data for {method} {0x000001ca00014398} 'loadClass' '(Ljava/lang/String;Z)Ljava/lang/Class;' in 'java/lang/ClassLoader')}
  0x000001ca538fa4ec: 5424 5049 | b8a8 7631 | 69ca 0100 | 008b 5208 | 49ba 0000 | 0000 ca01 | 0000 4903 | d249 3b90 
  0x000001ca538fa50c: 8802 0000 | 750d 4983 | 8090 0200 | 0001 e960 | 0000 0049 | 3b90 9802 | 0000 750d | 4983 80a0 
  0x000001ca538fa52c: 0200 0001 | e94a 0000 | 0049 83b8 | 8802 0000 | 0075 1749 | 8990 8802 | 0000 49c7 | 8090 0200 
  0x000001ca538fa54c: 0001 0000 | 00e9 2900 | 0000 4983 | b898 0200 | 0000 7517 | 4989 9098 | 0200 0049 | c780 a002 
  0x000001ca538fa56c: 0000 0100 | 0000 e908 | 0000 0049 | 8380 7802 | 0000 014c | 8b44 2458 | 488b 5424 | 5048 8984 
  0x000001ca538fa58c: 2480 0000 | 000f 1f40 | 0048 b8ff | ffff ffff 

  0x000001ca538fa59c: ;   {virtual_call}
  0x000001ca538fa59c: ffff ffe8 

  0x000001ca538fa5a0: ; ImmutableOopMap {[80]=Oop [104]=Oop [168]=Oop }
                      ;*invokevirtual findClass {reexecute=0 rethrow=0 return_oop=0}
                      ; - java.lang.ClassLoader::loadClass@69
  0x000001ca538fa5a0: bc13 3a07 

  0x000001ca538fa5a4: ;   {other}
  0x000001ca538fa5a4: 0f1f 8400 | 9408 0006 

  0x000001ca538fa5ac: ;   {metadata(method data for {method} {0x000001ca00014398} 'loadClass' '(Ljava/lang/String;Z)Ljava/lang/Class;' in 'java/lang/ClassLoader')}
  0x000001ca538fa5ac: 49b8 a876 | 3169 ca01 | 0000 4983 | 80b0 0200 

  0x000001ca538fa5bc: ;   {metadata(method data for {method} {0x000001ca001059c0} 'getParentDelegationTime' '()Ljdk/internal/perf/PerfCounter;' in 'jdk/internal/perf/PerfCounter')}
  0x000001ca538fa5bc: 0001 49b8 | d87a 3169 | ca01 0000 | 418b 90cc | 0000 0083 | c202 4189 | 90cc 0000 | 0081 e2fe 
  0x000001ca538fa5dc: ff1f 0085 | d20f 845d 

  0x000001ca538fa5e4: ;   {oop(a 'jdk/internal/perf/PerfCounter'{0x00000000d6fcae50})}
  0x000001ca538fa5e4: 0400 0048 | ba50 aefc | d600 0000 | 004c 8bc2 

  0x000001ca538fa5f4: ;   {metadata(method data for {method} {0x000001ca00014398} 'loadClass' '(Ljava/lang/String;Z)Ljava/lang/Class;' in 'java/lang/ClassLoader')}
  0x000001ca538fa5f4: 48be a876 | 3169 ca01 

  0x000001ca538fa5fc: ;   {metadata('jdk/internal/perf/PerfCounter')}
  0x000001ca538fa5fc: 0000 49ba | e04f 1000 | ca01 0000 | 4c89 96d0 | 0200 0048 | 8386 d802 | 0000 014c | 8b84 2480 
  0x000001ca538fa61c: 0000 0048 | 8b74 2478 

  0x000001ca538fa624: ;   {metadata(method data for {method} {0x000001ca001057b0} 'addTime' '(J)V' in 'jdk/internal/perf/PerfCounter')}
  0x000001ca538fa624: 4c2b c648 | be00 7c31 | 69ca 0100 | 008b becc | 0000 0083 | c702 89be | cc00 0000 | 81e7 feff 
  0x000001ca538fa644: 1f00 85ff | 0f84 1704 | 0000 488b 

  0x000001ca538fa650: ;   {metadata(method data for {method} {0x000001ca001057b0} 'addTime' '(J)V' in 'jdk/internal/perf/PerfCounter')}
  0x000001ca538fa650: f248 bf00 | 7c31 69ca 

  0x000001ca538fa658: ;   {metadata('jdk/internal/perf/PerfCounter')}
  0x000001ca538fa658: 0100 0049 | bae0 4f10 | 00ca 0100 | 004c 8997 | 2001 0000 | 4883 8728 | 0100 0001 | 4889 8424 
  0x000001ca538fa678: 8800 0000 

  0x000001ca538fa67c: ;   {optimized virtual_call}
  0x000001ca538fa67c: 6666 90e8 

  0x000001ca538fa680: ; ImmutableOopMap {[80]=Oop [104]=Oop [136]=Oop [168]=Oop }
                      ;*invokevirtual add {reexecute=0 rethrow=0 return_oop=0}
                      ; - jdk.internal.perf.PerfCounter::addTime@2
                      ; - java.lang.ClassLoader::loadClass@82
  0x000001ca538fa680: fc1f feff 

  0x000001ca538fa684: ;   {other}
  0x000001ca538fa684: 0f1f 8400 | 7409 0007 

  0x000001ca538fa68c: ;   {metadata(method data for {method} {0x000001ca00014398} 'loadClass' '(Ljava/lang/String;Z)Ljava/lang/Class;' in 'java/lang/ClassLoader')}
  0x000001ca538fa68c: 49b8 a876 | 3169 ca01 | 0000 4983 | 80f8 0200 

  0x000001ca538fa69c: ;   {metadata(method data for {method} {0x000001ca00105a18} 'getFindClassTime' '()Ljdk/internal/perf/PerfCounter;' in 'jdk/internal/perf/PerfCounter')}
  0x000001ca538fa69c: 0001 49b8 | 987d 3169 | ca01 0000 | 418b 90cc | 0000 0083 | c202 4189 | 90cc 0000 | 0081 e2fe 
  0x000001ca538fa6bc: ff1f 0085 | d20f 84bf 

  0x000001ca538fa6c4: ;   {oop(a 'jdk/internal/perf/PerfCounter'{0x00000000d6fcad30})}
  0x000001ca538fa6c4: 0300 0048 | ba30 adfc | d600 0000 | 004c 8bc2 

  0x000001ca538fa6d4: ;   {metadata(method data for {method} {0x000001ca00014398} 'loadClass' '(Ljava/lang/String;Z)Ljava/lang/Class;' in 'java/lang/ClassLoader')}
  0x000001ca538fa6d4: 48be a876 | 3169 ca01 

  0x000001ca538fa6dc: ;   {metadata('jdk/internal/perf/PerfCounter')}
  0x000001ca538fa6dc: 0000 49ba | e04f 1000 | ca01 0000 | 4c89 9618 | 0300 0048 | 8386 2003 | 0000 014c | 8b84 2480 
  0x000001ca538fa6fc: ;   {optimized virtual_call}
  0x000001ca538fa6fc: 0000 00e8 

  0x000001ca538fa700: ; ImmutableOopMap {[80]=Oop [104]=Oop [136]=Oop [168]=Oop }
                      ;*invokevirtual addElapsedTimeFrom {reexecute=0 rethrow=0 return_oop=0}
                      ; - java.lang.ClassLoader::loadClass@90
  0x000001ca538fa700: 0905 0000 

  0x000001ca538fa704: ;   {other}
  0x000001ca538fa704: 0f1f 8400 | f409 0008 

  0x000001ca538fa70c: ;   {metadata(method data for {method} {0x000001ca00014398} 'loadClass' '(Ljava/lang/String;Z)Ljava/lang/Class;' in 'java/lang/ClassLoader')}
  0x000001ca538fa70c: 49b8 a876 | 3169 ca01 | 0000 4983 | 8040 0300 

  0x000001ca538fa71c: ;   {metadata(method data for {method} {0x000001ca00105a70} 'getFindClasses' '()Ljdk/internal/perf/PerfCounter;' in 'jdk/internal/perf/PerfCounter')}
  0x000001ca538fa71c: 0001 49b8 | 6880 3169 | ca01 0000 | 418b 90cc | 0000 0083 | c202 4189 | 90cc 0000 | 0081 e2fe 
  0x000001ca538fa73c: ff1f 0085 | d20f 8460 

  0x000001ca538fa744: ;   {oop(a 'jdk/internal/perf/PerfCounter'{0x00000000d6fcadc0})}
  0x000001ca538fa744: 0300 0048 | bac0 adfc | d600 0000 | 004c 8bc2 

  0x000001ca538fa754: ;   {metadata(method data for {method} {0x000001ca00014398} 'loadClass' '(Ljava/lang/String;Z)Ljava/lang/Class;' in 'java/lang/ClassLoader')}
  0x000001ca538fa754: 48be a876 | 3169 ca01 

  0x000001ca538fa75c: ;   {metadata('jdk/internal/perf/PerfCounter')}
  0x000001ca538fa75c: 0000 49ba | e04f 1000 | ca01 0000 | 4c89 9660 | 0300 0048 | 8386 6803 

  0x000001ca538fa774: ;   {metadata(method data for {method} {0x000001ca00105860} 'increment' '()V' in 'jdk/internal/perf/PerfCounter')}
  0x000001ca538fa774: 0000 0149 | b890 8131 | 69ca 0100 | 0041 8bb0 | cc00 0000 | 83c6 0241 | 89b0 cc00 | 0000 81e6 
  0x000001ca538fa794: feff 1f00 | 85f6 0f84 | 2803 0000 

  0x000001ca538fa7a0: ;   {metadata(method data for {method} {0x000001ca00105860} 'increment' '()V' in 'jdk/internal/perf/PerfCounter')}
  0x000001ca538fa7a0: 4c8b c248 | be90 8131 | 69ca 0100 

  0x000001ca538fa7ac: ;   {metadata('jdk/internal/perf/PerfCounter')}
  0x000001ca538fa7ac: 0049 bae0 | 4f10 00ca | 0100 004c | 8996 2001 | 0000 4883 | 8628 0100 | 0001 49c7 | c001 0000 
  0x000001ca538fa7cc: ;   {optimized virtual_call}
  0x000001ca538fa7cc: 0066 90e8 

  0x000001ca538fa7d0: ; ImmutableOopMap {[80]=Oop [104]=Oop [136]=Oop [168]=Oop }
                      ;*invokevirtual add {reexecute=0 rethrow=0 return_oop=0}
                      ; - jdk.internal.perf.PerfCounter::increment@2
                      ; - java.lang.ClassLoader::loadClass@96
  0x000001ca538fa7d0: ac1e feff 

  0x000001ca538fa7d4: ;   {other}
  0x000001ca538fa7d4: 0f1f 8400 | c40a 0009 | 488b b424 | 8800 0000 | 448b 4c24 | 6045 85c9 

  0x000001ca538fa7ec: ;   {metadata(method data for {method} {0x000001ca00014398} 'loadClass' '(Ljava/lang/String;Z)Ljava/lang/Class;' in 'java/lang/ClassLoader')}
  0x000001ca538fa7ec: 48b8 a876 | 3169 ca01 | 0000 48c7 | c288 0300 | 0074 0748 | c7c2 9803 | 0000 488b | 3c10 488d 
  0x000001ca538fa80c: 7f01 4889 | 3c10 0f84 | 6d00 0000 | 488b 5424 

  0x000001ca538fa81c: ;   {metadata(method data for {method} {0x000001ca00014398} 'loadClass' '(Ljava/lang/String;Z)Ljava/lang/Class;' in 'java/lang/ClassLoader')}
  0x000001ca538fa81c: 5048 b8a8 | 7631 69ca | 0100 0048 | 8380 a803 

  0x000001ca538fa82c: ;   {metadata(method data for {method} {0x000001ca00436bf8} 'resolveClass' '(Ljava/lang/Class;)V' in 'java/lang/ClassLoader')}
  0x000001ca538fa82c: 0000 0148 | b820 892f | 69ca 0100 | 008b 90cc | 0000 0083 | c202 8990 | cc00 0000 | 81e2 feff 
  0x000001ca538fa84c: 1f00 85d2 | 0f84 9302 | 0000 4885 

  0x000001ca538fa858: ;   {metadata(method data for {method} {0x000001ca00436bf8} 'resolveClass' '(Ljava/lang/Class;)V' in 'java/lang/ClassLoader')}
  0x000001ca538fa858: f648 b820 | 892f 69ca | 0100 0048 | c7c2 2001 | 0000 7407 | 48c7 c210 | 0100 0048 | 8b3c 1048 
  0x000001ca538fa878: 8d7f 0148 | 893c 100f | 8443 0000 | 0048 8d84 | 24a0 0000 | 0048 8b10 | 4885 d20f | 840f 0000 
  0x000001ca538fa898: 0048 8b78 | 08f0 480f | b117 0f85 | 6202 0000 | 49ff 8f48 | 0500 0048 | 8bc6 4881 | c4c0 0000 
  0x000001ca538fa8b8: ;   {poll_return}
  0x000001ca538fa8b8: 005d 493b | a748 0400 | 000f 8759 | 0200 00c3 | 4889 b424 | 9800 0000 

  0x000001ca538fa8d0: ;   {no_reloc}
  0x000001ca538fa8d0: e970 0200 | 0000 0000 | 0000 498b | 87b8 0100 | 0048 8d78 | 3049 3bbf | c801 0000 | 0f87 5d02 
  0x000001ca538fa8f0: 0000 4989 | bfb8 0100 | 0048 c700 | 0100 0000 | 488b ca49 | ba00 0000 | 00ca 0100 | 0049 2bca 
  0x000001ca538fa910: 8948 0848 | 33c9 8948 | 0c48 33c9 | 4889 4810 | 4889 4818 | 4889 4820 | 4889 4828 

  0x000001ca538fa92c: ;   {metadata(method data for {method} {0x000001ca00436bf8} 'resolveClass' '(Ljava/lang/Class;)V' in 'java/lang/ClassLoader')}
  0x000001ca538fa92c: 488b d048 | be20 892f | 69ca 0100 | 0048 8386 | 3001 0000 | 0148 8bd0 | 4889 8424 | 9000 0000 
  0x000001ca538fa94c: ;   {optimized virtual_call}
  0x000001ca538fa94c: 6666 90e8 

  0x000001ca538fa950: ; ImmutableOopMap {[104]=Oop [144]=Oop [152]=Oop [168]=Oop }
                      ;*invokespecial <init> {reexecute=0 rethrow=0 return_oop=0}
                      ; - java.lang.ClassLoader::resolveClass@8
                      ; - java.lang.ClassLoader::loadClass@106
  0x000001ca538fa950: 2c3e 3a07 

  0x000001ca538fa954: ;   {other}
  0x000001ca538fa954: 0f1f 8400 | 440c 000a | 488b 8424 

  0x000001ca538fa960: ; ImmutableOopMap {rax=Oop [104]=Oop [152]=Oop [168]=Oop }
                      ;*athrow {reexecute=1 rethrow=0 return_oop=0}
                      ; - (reexecute) java.lang.ClassLoader::resolveClass@11
                      ; - java.lang.ClassLoader::loadClass@106
  0x000001ca538fa960: 9000 0000 

  0x000001ca538fa964: ;   {section_word}
  0x000001ca538fa964: 48ba 64a9 | 8f53 ca01 

  0x000001ca538fa96c: ;   {runtime_call handle_exception_nofpu Runtime1 stub}
  0x000001ca538fa96c: 0000 e88d | 5e3c 0790 | 498b 87f8 | 0400 004d | 33d2 4d89 | 97f8 0400 | 004d 33d2 | 4d89 9700 
  0x000001ca538fa98c: 0500 0048 | 8bf0 488d | 8424 a000 | 0000 488b | 3848 85ff | 0f84 0f00 | 0000 488b | 5808 f048 
  0x000001ca538fa9ac: 0fb1 3b0f | 85a7 0100 | 0049 ff8f | 4805 0000 | 488b c6e9 | f301 0000 

  0x000001ca538fa9c4: ;   {metadata({method} {0x000001ca00014398} 'loadClass' '(Ljava/lang/String;Z)Ljava/lang/Class;' in 'java/lang/ClassLoader')}
  0x000001ca538fa9c4: 49ba 9043 | 0100 ca01 | 0000 4c89 | 5424 0848 | c704 24ff 

  0x000001ca538fa9d8: ;   {runtime_call counter_overflow Runtime1 stub}
  0x000001ca538fa9d8: ffff ffe8 

  0x000001ca538fa9dc: ; ImmutableOopMap {rdx=Oop r8=Oop [80]=Oop [88]=Oop }
                      ;*synchronization entry
                      ; - java.lang.ClassLoader::loadClass@-1
  0x000001ca538fa9dc: a0b2 4507 | e96b f6ff 

  0x000001ca538fa9e4: ;   {runtime_call throw_null_pointer_exception Runtime1 stub}
  0x000001ca538fa9e4: ffe8 1676 

  0x000001ca538fa9e8: ; ImmutableOopMap {rsi=Oop [80]=Oop [88]=Oop [104]=Oop }
                      ;*monitorenter {reexecute=0 rethrow=0 return_oop=0}
                      ; - java.lang.ClassLoader::loadClass@7
  0x000001ca538fa9e8: 3c07 4889 | 7424 0848 

  0x000001ca538fa9f0: ;   {runtime_call monitorenter_nofpu Runtime1 stub}
  0x000001ca538fa9f0: 8914 24e8 

  0x000001ca538fa9f4: ; ImmutableOopMap {rsi=Oop [80]=Oop [88]=Oop [104]=Oop [168]=Oop }
                      ;*monitorenter {reexecute=0 rethrow=0 return_oop=0}
                      ; - java.lang.ClassLoader::loadClass@7
  0x000001ca538fa9f4: 8891 4507 | e949 f7ff 

  0x000001ca538fa9fc: ;   {metadata({method} {0x000001ca00436ca8} 'findLoadedClass' '(Ljava/lang/String;)Ljava/lang/Class;' in 'java/lang/ClassLoader')}
  0x000001ca538fa9fc: ff49 baa0 | 6c43 00ca | 0100 004c | 8954 2408 | 48c7 0424 | ffff ffff 

  0x000001ca538faa14: ;   {runtime_call counter_overflow Runtime1 stub}
  0x000001ca538faa14: e867 b245 

  0x000001ca538faa18: ; ImmutableOopMap {[80]=Oop [88]=Oop [104]=Oop [168]=Oop }
                      ;*synchronization entry
                      ; - java.lang.ClassLoader::findLoadedClass@-1
                      ; - java.lang.ClassLoader::loadClass@10
  0x000001ca538faa18: 07e9 66f7 

  0x000001ca538faa1c: ;   {runtime_call throw_null_pointer_exception Runtime1 stub}
  0x000001ca538faa1c: ffff e8dd 

  0x000001ca538faa20: ; ImmutableOopMap {rsi=Oop [80]=Oop [88]=Oop [104]=Oop [112]=Oop [168]=Oop }
                      ;*invokevirtual loadClass {reexecute=0 rethrow=0 return_oop=0}
                      ; - java.lang.ClassLoader::loadClass@38
                      ;   {metadata({method} {0x000001ca00436c50} 'findBootstrapClassOrNull' '(Ljava/lang/String;)Ljava/lang/Class;' in 'java/lang/ClassLoader')}
  0x000001ca538faa20: 753c 0749 | ba48 6c43 | 00ca 0100 | 004c 8954 | 2408 48c7 | 0424 ffff 

  0x000001ca538faa38: ;   {runtime_call counter_overflow Runtime1 stub}
  0x000001ca538faa38: ffff e841 

  0x000001ca538faa3c: ; ImmutableOopMap {[80]=Oop [88]=Oop [104]=Oop [112]=Oop [168]=Oop }
                      ;*synchronization entry
                      ; - java.lang.ClassLoader::findBootstrapClassOrNull@-1
                      ; - java.lang.ClassLoader::loadClass@47
  0x000001ca538faa3c: b245 07e9 | 7ef9 ffff 

  0x000001ca538faa44: ;   {metadata({method} {0x000001ca001059c0} 'getParentDelegationTime' '()Ljdk/internal/perf/PerfCounter;' in 'jdk/internal/perf/PerfCounter')}
  0x000001ca538faa44: 49ba b859 | 1000 ca01 | 0000 4c89 | 5424 0848 | c704 24ff 

  0x000001ca538faa58: ;   {runtime_call counter_overflow Runtime1 stub}
  0x000001ca538faa58: ffff ffe8 

  0x000001ca538faa5c: ; ImmutableOopMap {rax=Oop [80]=Oop [104]=Oop [168]=Oop }
                      ;*synchronization entry
                      ; - jdk.internal.perf.PerfCounter::getParentDelegationTime@-1
                      ; - java.lang.ClassLoader::loadClass@74
  0x000001ca538faa5c: 20b2 4507 | e982 fbff 

  0x000001ca538faa64: ;   {metadata({method} {0x000001ca001057b0} 'addTime' '(J)V' in 'jdk/internal/perf/PerfCounter')}
  0x000001ca538faa64: ff49 baa8 | 5710 00ca | 0100 004c | 8954 2408 | 48c7 0424 | ffff ffff 

  0x000001ca538faa7c: ;   {runtime_call counter_overflow Runtime1 stub}
  0x000001ca538faa7c: e8ff b145 

  0x000001ca538faa80: ; ImmutableOopMap {rax=Oop rdx=Oop [80]=Oop [104]=Oop [168]=Oop }
                      ;*synchronization entry
                      ; - jdk.internal.perf.PerfCounter::addTime@-1
                      ; - java.lang.ClassLoader::loadClass@82
  0x000001ca538faa80: 07e9 c8fb 

  0x000001ca538faa84: ;   {metadata({method} {0x000001ca00105a18} 'getFindClassTime' '()Ljdk/internal/perf/PerfCounter;' in 'jdk/internal/perf/PerfCounter')}
  0x000001ca538faa84: ffff 49ba | 105a 1000 | ca01 0000 | 4c89 5424 | 0848 c704 | 24ff ffff 

  0x000001ca538faa9c: ;   {runtime_call counter_overflow Runtime1 stub}
  0x000001ca538faa9c: ffe8 deb1 

  0x000001ca538faaa0: ; ImmutableOopMap {[80]=Oop [104]=Oop [136]=Oop [168]=Oop }
                      ;*synchronization entry
                      ; - jdk.internal.perf.PerfCounter::getFindClassTime@-1
                      ; - java.lang.ClassLoader::loadClass@85
  0x000001ca538faaa0: 4507 e920 

  0x000001ca538faaa4: ;   {metadata({method} {0x000001ca00105a70} 'getFindClasses' '()Ljdk/internal/perf/PerfCounter;' in 'jdk/internal/perf/PerfCounter')}
  0x000001ca538faaa4: fcff ff49 | ba68 5a10 | 00ca 0100 | 004c 8954 | 2408 48c7 | 0424 ffff 

  0x000001ca538faabc: ;   {runtime_call counter_overflow Runtime1 stub}
  0x000001ca538faabc: ffff e8bd 

  0x000001ca538faac0: ; ImmutableOopMap {[80]=Oop [104]=Oop [136]=Oop [168]=Oop }
                      ;*synchronization entry
                      ; - jdk.internal.perf.PerfCounter::getFindClasses@-1
                      ; - java.lang.ClassLoader::loadClass@93
  0x000001ca538faac0: b145 07e9 | 7ffc ffff 

  0x000001ca538faac8: ;   {metadata({method} {0x000001ca00105860} 'increment' '()V' in 'jdk/internal/perf/PerfCounter')}
  0x000001ca538faac8: 49ba 5858 | 1000 ca01 | 0000 4c89 | 5424 0848 | c704 24ff 

  0x000001ca538faadc: ;   {runtime_call counter_overflow Runtime1 stub}
  0x000001ca538faadc: ffff ffe8 

  0x000001ca538faae0: ; ImmutableOopMap {rdx=Oop [80]=Oop [104]=Oop [136]=Oop [168]=Oop }
                      ;*synchronization entry
                      ; - jdk.internal.perf.PerfCounter::increment@-1
                      ; - java.lang.ClassLoader::loadClass@96
  0x000001ca538faae0: 9cb1 4507 | e9b7 fcff 

  0x000001ca538faae8: ;   {metadata({method} {0x000001ca00436bf8} 'resolveClass' '(Ljava/lang/Class;)V' in 'java/lang/ClassLoader')}
  0x000001ca538faae8: ff49 baf0 | 6b43 00ca | 0100 004c | 8954 2408 | 48c7 0424 | ffff ffff 

  0x000001ca538fab00: ;   {runtime_call counter_overflow Runtime1 stub}
  0x000001ca538fab00: e87b b145 

  0x000001ca538fab04: ; ImmutableOopMap {rsi=Oop [104]=Oop [168]=Oop }
                      ;*synchronization entry
                      ; - java.lang.ClassLoader::resolveClass@-1
                      ; - java.lang.ClassLoader::loadClass@106
  0x000001ca538fab04: 07e9 4cfd | ffff 488d | 8424 a000 | 0000 4889 

  0x000001ca538fab14: ;   {runtime_call monitorexit_nofpu Runtime1 stub}
  0x000001ca538fab14: 0424 e865 | 9645 07e9 | 8ffd ffff 

  0x000001ca538fab20: ;   {internal_word}
  0x000001ca538fab20: 49ba baa8 | 8f53 ca01 | 0000 4d89 | 9760 0400 

  0x000001ca538fab30: ;   {runtime_call SafepointBlob}
  0x000001ca538fab30: 00e9 ca9f 

  0x000001ca538fab34: ;   {metadata(nullptr)}
  0x000001ca538fab34: 3a07 48ba | 0000 0000 | 0000 0000 | b800 0f05 

  0x000001ca538fab44: ;   {runtime_call load_klass_patching Runtime1 stub}
  0x000001ca538fab44: 0ae8 b6a0 

  0x000001ca538fab48: ; ImmutableOopMap {[104]=Oop [152]=Oop [168]=Oop }
                      ;*new {reexecute=1 rethrow=0 return_oop=0}
                      ; - (reexecute) java.lang.ClassLoader::resolveClass@4
                      ; - java.lang.ClassLoader::loadClass@106
  0x000001ca538fab48: 4507 e981 | fdff ff48 

  0x000001ca538fab50: ;   {runtime_call fast_new_instance Runtime1 stub}
  0x000001ca538fab50: 8bd2 e8a9 

  0x000001ca538fab54: ; ImmutableOopMap {[104]=Oop [152]=Oop [168]=Oop }
                      ;*new {reexecute=0 rethrow=0 return_oop=0}
                      ; - java.lang.ClassLoader::resolveClass@4
                      ; - java.lang.ClassLoader::loadClass@106
  0x000001ca538fab54: 6b3c 07e9 | d0fd ffff | 488d 8424 | a000 0000 | 4889 0424 

  0x000001ca538fab68: ;   {runtime_call monitorexit_nofpu Runtime1 stub}
  0x000001ca538fab68: e813 9645 | 07e9 4afe | ffff 488b | 7424 70e9 | f3f8 ffff | 488b 7424 | 70e9 e9f8 | ffff 488b 
  0x000001ca538fab88: 7424 70e9 | dff8 ffff | 488b 7424 | 70e9 d5f8 | ffff 498b | 87f8 0400 | 0049 c787 | f804 0000 
  0x000001ca538faba8: 0000 0000 | 49c7 8700 | 0500 0000 | 0000 0048 | 81c4 c000 

  0x000001ca538fabbc: ;   {runtime_call unwind_exception Runtime1 stub}
  0x000001ca538fabbc: 0000 5de9 | 3c83 3c07 | f4f4 f4f4 
[Stub Code]
  0x000001ca538fabc8: ;   {no_reloc}
  0x000001ca538fabc8: 0f1f 4400 

  0x000001ca538fabcc: ;   {static_stub}
  0x000001ca538fabcc: 0048 bb00 | 0000 0000 

  0x000001ca538fabd4: ;   {runtime_call nmethod}
  0x000001ca538fabd4: 0000 00e9 | fbff ffff 

  0x000001ca538fabdc: ;   {static_stub}
  0x000001ca538fabdc: 9048 bb00 | 0000 0000 

  0x000001ca538fabe4: ;   {runtime_call nmethod}
  0x000001ca538fabe4: 0000 00e9 | fbff ffff 

  0x000001ca538fabec: ;   {static_stub}
  0x000001ca538fabec: 9048 bb00 | 0000 0000 

  0x000001ca538fabf4: ;   {runtime_call nmethod}
  0x000001ca538fabf4: 0000 00e9 | fbff ffff 

  0x000001ca538fabfc: ;   {static_stub}
  0x000001ca538fabfc: 9048 bb00 | 0000 0000 

  0x000001ca538fac04: ;   {runtime_call nmethod}
  0x000001ca538fac04: 0000 00e9 | fbff ffff 

  0x000001ca538fac0c: ;   {static_stub}
  0x000001ca538fac0c: 9048 bb00 | 5810 00ca 

  0x000001ca538fac14: ;   {runtime_call I2C/C2I adapters}
  0x000001ca538fac14: 0100 00e9 | cba7 3a07 

  0x000001ca538fac1c: ;   {static_stub}
  0x000001ca538fac1c: 9048 bb00 | 0000 0000 

  0x000001ca538fac24: ;   {runtime_call nmethod}
  0x000001ca538fac24: 0000 00e9 | fbff ffff 

  0x000001ca538fac2c: ;   {static_stub}
  0x000001ca538fac2c: 48bb 0000 | 0000 0000 

  0x000001ca538fac34: ;   {runtime_call nmethod}
  0x000001ca538fac34: 0000 e9fb 

  0x000001ca538fac38: ;   {static_stub}
  0x000001ca538fac38: ffff ff48 | bb00 0000 | 0000 0000 

  0x000001ca538fac44: ;   {runtime_call nmethod}
  0x000001ca538fac44: 00e9 fbff 

  0x000001ca538fac48: ;   {static_stub}
  0x000001ca538fac48: ffff 48bb | 0000 0000 | 0000 0000 

  0x000001ca538fac54: ;   {runtime_call nmethod}
  0x000001ca538fac54: e9fb ffff 

  0x000001ca538fac58: ;   {static_stub}
  0x000001ca538fac58: ff48 bb00 | 0000 0000 

  0x000001ca538fac60: ;   {runtime_call nmethod}
  0x000001ca538fac60: 0000 00e9 | fbff ffff 
[Exception Handler]
  0x000001ca538fac68: ;   {runtime_call handle_exception_from_callee Runtime1 stub}
  0x000001ca538fac68: e893 553c 

  0x000001ca538fac6c: ;   {external_word}
  0x000001ca538fac6c: 0748 b920 | 535a f3ff | 7f00 0048 

  0x000001ca538fac78: ;   {runtime_call}
  0x000001ca538fac78: 83e4 f048 | b890 b71c | f3ff 7f00 | 00ff d0f4 
[Deopt Handler Code]
  0x000001ca538fac88: ;   {section_word}
  0x000001ca538fac88: 49ba 88ac | 8f53 ca01 | 0000 4152 

  0x000001ca538fac94: ;   {runtime_call DeoptimizationBlob}
  0x000001ca538fac94: e907 913a | 07f4 f4f4 | f4f4 f4f4 
[/MachCode]


---------------  P R O C E S S  ---------------

Threads class SMR info:
_java_thread_list=0x000001ca6d661a90, length=11, elements={
0x000001ca5051b8e0, 0x000001ca5048fab0, 0x000001ca50491160, 0x000001ca50494ca0,
0x000001ca50495dc0, 0x000001ca50496ad0, 0x000001ca50498530, 0x000001ca50499360,
0x000001ca687ac0c0, 0x000001ca689a2320, 0x000001ca6d03b120
}

Java Threads: ( => current thread )
=>0x000001ca5051b8e0 JavaThread "main"                              [_thread_in_vm, id=10392, stack(0x0000004cb6700000,0x0000004cb6800000) (1024K)]
  0x000001ca5048fab0 JavaThread "Reference Handler"          daemon [_thread_blocked, id=11908, stack(0x0000004cb6b00000,0x0000004cb6c00000) (1024K)]
  0x000001ca50491160 JavaThread "Finalizer"                  daemon [_thread_blocked, id=7532, stack(0x0000004cb6c00000,0x0000004cb6d00000) (1024K)]
  0x000001ca50494ca0 JavaThread "Signal Dispatcher"          daemon [_thread_blocked, id=9632, stack(0x0000004cb6d00000,0x0000004cb6e00000) (1024K)]
  0x000001ca50495dc0 JavaThread "Attach Listener"            daemon [_thread_blocked, id=3056, stack(0x0000004cb6e00000,0x0000004cb6f00000) (1024K)]
  0x000001ca50496ad0 JavaThread "Service Thread"             daemon [_thread_blocked, id=7124, stack(0x0000004cb6f00000,0x0000004cb7000000) (1024K)]
  0x000001ca50498530 JavaThread "Monitor Deflation Thread"   daemon [_thread_blocked, id=16324, stack(0x0000004cb7000000,0x0000004cb7100000) (1024K)]
  0x000001ca50499360 JavaThread "C2 CompilerThread0"         daemon [_thread_blocked, id=17192, stack(0x0000004cb7100000,0x0000004cb7200000) (1024K)]
  0x000001ca687ac0c0 JavaThread "C1 CompilerThread0"         daemon [_thread_blocked, id=15832, stack(0x0000004cb7200000,0x0000004cb7300000) (1024K)]
  0x000001ca689a2320 JavaThread "Common-Cleaner"             daemon [_thread_blocked, id=13012, stack(0x0000004cb7300000,0x0000004cb7400000) (1024K)]
  0x000001ca6d03b120 JavaThread "Notification Thread"        daemon [_thread_blocked, id=1936, stack(0x0000004cb7500000,0x0000004cb7600000) (1024K)]
Total: 11

Other Threads:
  0x000001ca505deba0 VMThread "VM Thread"                           [id=16436, stack(0x0000004cb6a00000,0x0000004cb6b00000) (1024K)]
  0x000001ca505892e0 WatcherThread "VM Periodic Task Thread"        [id=13300, stack(0x0000004cb6900000,0x0000004cb6a00000) (1024K)]
  0x000001ca5053b880 WorkerThread "GC Thread#0"                     [id=4224, stack(0x0000004cb6800000,0x0000004cb6900000) (1024K)]
  0x000001ca6d16b940 WorkerThread "GC Thread#1"                     [id=9848, stack(0x0000004cb7600000,0x0000004cb7700000) (1024K)]
  0x000001ca6d379d00 WorkerThread "GC Thread#2"                     [id=13708, stack(0x0000004cb7700000,0x0000004cb7800000) (1024K)]
  0x000001ca6d25b4f0 WorkerThread "GC Thread#3"                     [id=2812, stack(0x0000004cb7800000,0x0000004cb7900000) (1024K)]
  0x000001ca6d7f8d50 WorkerThread "GC Thread#4"                     [id=14520, stack(0x0000004cb7900000,0x0000004cb7a00000) (1024K)]
  0x000001ca6d7f90f0 WorkerThread "GC Thread#5"                     [id=14340, stack(0x0000004cb7a00000,0x0000004cb7b00000) (1024K)]
  0x000001ca6d7f9490 WorkerThread "GC Thread#6"                     [id=8416, stack(0x0000004cb7b00000,0x0000004cb7c00000) (1024K)]
Total: 9

Threads with active compile tasks:
Total: 0

VM state: not at safepoint (normal execution)

VM Mutex/Monitor currently owned by a thread:  ([mutex/lock_event])
[0x00007ffff385b4f0] Metaspace_lock - owner thread: 0x000001ca5051b8e0

Heap address: 0x0000000080000000, size: 2048 MB, Compressed Oops mode: 32-bit

CDS archive(s) mapped at: [0x000001ca00000000-0x000001ca00ba0000-0x000001ca00ba0000), size 12189696, SharedBaseAddress: 0x000001ca00000000, ArchiveRelocationMode: 1.
Compressed class space mapped at: 0x000001ca01000000-0x000001ca41000000, reserved size: 1073741824
Narrow klass base: 0x000001ca00000000, Narrow klass shift: 0, Narrow klass range: 0x100000000

GC Precious Log:
 CardTable entry size: 512
 CPUs: 8 total, 8 available
 Memory: 6055M
 Large Page Support: Disabled
 NUMA Support: Disabled
 Compressed Oops: Enabled (32-bit)
 Alignments: Space 512K, Generation 512K, Heap 2M
 Heap Min Capacity: 100M
 Heap Initial Capacity: 100M
 Heap Max Capacity: 2G
 Pre-touch: Disabled
 Parallel Workers: 8

Heap:
 PSYoungGen      total 29696K, used 6294K [0x00000000d5580000, 0x00000000d7680000, 0x0000000100000000)
  eden space 25600K, 11% used [0x00000000d5580000,0x00000000d586bbd0,0x00000000d6e80000)
  from space 4096K, 80% used [0x00000000d6e80000,0x00000000d71b9e98,0x00000000d7280000)
  to   space 4096K, 0% used [0x00000000d7280000,0x00000000d7280000,0x00000000d7680000)
 ParOldGen       total 68608K, used 16K [0x0000000080000000, 0x0000000084300000, 0x00000000d5580000)
  object space 68608K, 0% used [0x0000000080000000,0x0000000080004000,0x0000000084300000)
 Metaspace       used 4900K, committed 5120K, reserved 1114112K
  class space    used 528K, committed 640K, reserved 1048576K

Card table byte_map: [0x000001ca4fec0000,0x000001ca502d0000] _byte_map_base: 0x000001ca4fac0000

Marking Bits: (ParMarkBitMap*) 0x00007ffff3862460
 Begin Bits: [0x000001ca629d0000, 0x000001ca649d0000)
 End Bits:   [0x000001ca649d0000, 0x000001ca669d0000)

Polling page: 0x000001ca4e380000

Metaspace:

Usage:
  Non-class:      4.27 MB used.
      Class:    528.97 KB used.
       Both:      4.79 MB used.

Virtual space:
  Non-class space:       64.00 MB reserved,       4.38 MB (  7%) committed,  1 nodes.
      Class space:        1.00 GB reserved,     640.00 KB ( <1%) committed,  1 nodes.
             Both:        1.06 GB reserved,       5.00 MB ( <1%) committed. 

Chunk freelists:
   Non-Class:  10.73 MB
       Class:  15.39 MB
        Both:  26.12 MB

MaxMetaspaceSize: unlimited
CompressedClassSpaceSize: 1.00 GB
Initial GC threshold: 21.00 MB
Current GC threshold: 21.00 MB
CDS: on
 - commit_granule_bytes: 65536.
 - commit_granule_words: 8192.
 - virtual_space_node_default_size: 8388608.
 - enlarge_chunks_in_place: 1.
 - use_allocation_guard: 0.


Internal statistics:

num_allocs_failed_limit: 0.
num_arena_births: 188.
num_arena_deaths: 0.
num_vsnodes_births: 2.
num_vsnodes_deaths: 0.
num_space_committed: 80.
num_space_uncommitted: 0.
num_chunks_returned_to_freelist: 0.
num_chunks_taken_from_freelist: 276.
num_chunk_merges: 0.
num_chunk_splits: 175.
num_chunks_enlarged: 104.
num_inconsistent_stats: 0.

CodeHeap 'non-profiled nmethods': size=120000Kb used=503Kb max_used=503Kb free=119496Kb
 bounds [0x000001ca5b1f0000, 0x000001ca5b460000, 0x000001ca62720000]
CodeHeap 'profiled nmethods': size=120000Kb used=1911Kb max_used=1911Kb free=118088Kb
 bounds [0x000001ca53720000, 0x000001ca53990000, 0x000001ca5ac50000]
CodeHeap 'non-nmethods': size=5760Kb used=1194Kb max_used=1220Kb free=4565Kb
 bounds [0x000001ca5ac50000, 0x000001ca5aec0000, 0x000001ca5b1f0000]
CodeCache: size=245760Kb, used=3608Kb, max_used=3634Kb, free=242149Kb
 total_blobs=1650, nmethods=1194, adapters=363, full_count=0
Compilation: enabled, stopped_count=0, restarted_count=0

Compilation events (20 events):
Event: 2.404 Thread 0x000001ca687ac0c0 nmethod 1183 0x000001ca5b26cc10 code [0x000001ca5b26cda0, 0x000001ca5b26ce68]
Event: 2.404 Thread 0x000001ca687ac0c0 1184       1       java.util.jar.Attributes$Name::toString (5 bytes)
Event: 2.404 Thread 0x000001ca687ac0c0 nmethod 1184 0x000001ca5b26cf10 code [0x000001ca5b26d0a0, 0x000001ca5b26d168]
Event: 2.405 Thread 0x000001ca687ac0c0 1185       1       jdk.internal.loader.URLClassPath$Loader::getBaseURL (5 bytes)
Event: 2.405 Thread 0x000001ca687ac0c0 nmethod 1185 0x000001ca5b26d210 code [0x000001ca5b26d3a0, 0x000001ca5b26d468]
Event: 2.405 Thread 0x000001ca687ac0c0 1186       3       java.util.Base64$Decoder::decodedOutLength (205 bytes)
Event: 2.406 Thread 0x000001ca687ac0c0 nmethod 1186 0x000001ca538f9190 code [0x000001ca538f93a0, 0x000001ca538f9a70]
Event: 2.407 Thread 0x000001ca687ac0c0 1187   !   3       java.lang.ClassLoader::loadClass (121 bytes)
Event: 2.408 Thread 0x000001ca687ac0c0 nmethod 1187 0x000001ca538f9d10 code [0x000001ca538f9fe0, 0x000001ca538faca0]
Event: 2.408 Thread 0x000001ca687ac0c0 1188       3       sun.security.provider.DigestBase::implCompressMultiBlockCheck (58 bytes)
Event: 2.409 Thread 0x000001ca687ac0c0 nmethod 1188 0x000001ca538fb310 code [0x000001ca538fb500, 0x000001ca538fb910]
Event: 2.409 Thread 0x000001ca687ac0c0 1189       1       sun.security.util.ManifestEntryVerifier::getEntry (5 bytes)
Event: 2.409 Thread 0x000001ca687ac0c0 nmethod 1189 0x000001ca5b26d510 code [0x000001ca5b26d6a0, 0x000001ca5b26d768]
Event: 2.410 Thread 0x000001ca50499360 1190       4       java.util.Objects::requireNonNull (15 bytes)
Event: 2.410 Thread 0x000001ca687ac0c0 1191       1       java.security.CodeSigner::getSignerCertPath (5 bytes)
Event: 2.410 Thread 0x000001ca687ac0c0 nmethod 1191 0x000001ca5b26d810 code [0x000001ca5b26d9a0, 0x000001ca5b26da68]
Event: 2.410 Thread 0x000001ca687ac0c0 1192       3       java.util.WeakHashMap::remove (131 bytes)
Event: 2.410 Thread 0x000001ca50499360 nmethod 1190 0x000001ca5b26db10 code [0x000001ca5b26dca0, 0x000001ca5b26dd30]
Event: 2.411 Thread 0x000001ca687ac0c0 nmethod 1192 0x000001ca538fbb10 code [0x000001ca538fbd60, 0x000001ca538fc7c0]
Event: 2.412 Thread 0x000001ca687ac0c0 1193       3       jdk.internal.access.SharedSecrets::javaUtilJarAccess (19 bytes)

GC Heap History (2 events):
Event: 2.124 GC heap before
{Heap before GC invocations=1 (full 0):
 PSYoungGen      total 29696K, used 25600K [0x00000000d5580000, 0x00000000d7680000, 0x0000000100000000)
  eden space 25600K, 100% used [0x00000000d5580000,0x00000000d6e80000,0x00000000d6e80000)
  from space 4096K, 0% used [0x00000000d7280000,0x00000000d7280000,0x00000000d7680000)
  to   space 4096K, 0% used [0x00000000d6e80000,0x00000000d6e80000,0x00000000d7280000)
 ParOldGen       total 68608K, used 0K [0x0000000080000000, 0x0000000084300000, 0x00000000d5580000)
  object space 68608K, 0% used [0x0000000080000000,0x0000000080000000,0x0000000084300000)
 Metaspace       used 4336K, committed 4608K, reserved 1114112K
  class space    used 472K, committed 576K, reserved 1048576K
}
Event: 2.135 GC heap after
{Heap after GC invocations=1 (full 0):
 PSYoungGen      total 29696K, used 3303K [0x00000000d5580000, 0x00000000d7680000, 0x0000000100000000)
  eden space 25600K, 0% used [0x00000000d5580000,0x00000000d5580000,0x00000000d6e80000)
  from space 4096K, 80% used [0x00000000d6e80000,0x00000000d71b9e98,0x00000000d7280000)
  to   space 4096K, 0% used [0x00000000d7280000,0x00000000d7280000,0x00000000d7680000)
 ParOldGen       total 68608K, used 16K [0x0000000080000000, 0x0000000084300000, 0x00000000d5580000)
  object space 68608K, 0% used [0x0000000080000000,0x0000000080004000,0x0000000084300000)
 Metaspace       used 4336K, committed 4608K, reserved 1114112K
  class space    used 472K, committed 576K, reserved 1048576K
}

Dll operation events (8 events):
Event: 0.013 Loaded shared library c:\Users\PureTrek\.antigravity\extensions\redhat.java-1.52.0-win32-x64\jre\21.0.9-win32-x86_64\bin\java.dll
Event: 0.198 Loaded shared library c:\Users\PureTrek\.antigravity\extensions\redhat.java-1.52.0-win32-x64\jre\21.0.9-win32-x86_64\bin\zip.dll
Event: 0.269 Loaded shared library C:\Users\PureTrek\.antigravity\extensions\redhat.java-1.52.0-win32-x64\jre\21.0.9-win32-x86_64\bin\instrument.dll
Event: 0.278 Loaded shared library C:\Users\PureTrek\.antigravity\extensions\redhat.java-1.52.0-win32-x64\jre\21.0.9-win32-x86_64\bin\net.dll
Event: 0.281 Loaded shared library C:\Users\PureTrek\.antigravity\extensions\redhat.java-1.52.0-win32-x64\jre\21.0.9-win32-x86_64\bin\nio.dll
Event: 0.286 Loaded shared library C:\Users\PureTrek\.antigravity\extensions\redhat.java-1.52.0-win32-x64\jre\21.0.9-win32-x86_64\bin\zip.dll
Event: 0.328 Loaded shared library C:\Users\PureTrek\.antigravity\extensions\redhat.java-1.52.0-win32-x64\jre\21.0.9-win32-x86_64\bin\jimage.dll
Event: 0.490 Loaded shared library c:\Users\PureTrek\.antigravity\extensions\redhat.java-1.52.0-win32-x64\jre\21.0.9-win32-x86_64\bin\verify.dll

Deoptimization events (20 events):
Event: 2.266 Thread 0x000001ca5051b8e0 Uncommon trap: trap_request=0xffffffde fr.pc=0x000001ca5b2388d4 relative=0x00000000000005b4
Event: 2.267 Thread 0x000001ca5051b8e0 Uncommon trap: reason=class_check action=maybe_recompile pc=0x000001ca5b2388d4 method=java.util.Collections$UnmodifiableCollection$1.<init>(Ljava/util/Collections$UnmodifiableCollection;)V @ 17 c2
Event: 2.267 Thread 0x000001ca5051b8e0 DEOPT PACKING pc=0x000001ca5b2388d4 sp=0x0000004cb67fe5c0
Event: 2.267 Thread 0x000001ca5051b8e0 DEOPT UNPACKING pc=0x000001ca5aca3aa2 sp=0x0000004cb67fe508 mode 2
Event: 2.267 Thread 0x000001ca5051b8e0 Uncommon trap: trap_request=0xffffff45 fr.pc=0x000001ca5b2597d0 relative=0x0000000000000290
Event: 2.267 Thread 0x000001ca5051b8e0 Uncommon trap: reason=unstable_if action=reinterpret pc=0x000001ca5b2597d0 method=java.util.HashMap.hash(Ljava/lang/Object;)I @ 1 c2
Event: 2.267 Thread 0x000001ca5051b8e0 DEOPT PACKING pc=0x000001ca5b2597d0 sp=0x0000004cb67fe570
Event: 2.267 Thread 0x000001ca5051b8e0 DEOPT UNPACKING pc=0x000001ca5aca3aa2 sp=0x0000004cb67fe408 mode 2
Event: 2.270 Thread 0x000001ca5051b8e0 Uncommon trap: trap_request=0xffffff45 fr.pc=0x000001ca5b25662c relative=0x000000000000034c
Event: 2.270 Thread 0x000001ca5051b8e0 Uncommon trap: reason=unstable_if action=reinterpret pc=0x000001ca5b25662c method=java.util.HashMap.hash(Ljava/lang/Object;)I @ 1 c2
Event: 2.270 Thread 0x000001ca5051b8e0 DEOPT PACKING pc=0x000001ca5b25662c sp=0x0000004cb67fe4e0
Event: 2.270 Thread 0x000001ca5051b8e0 DEOPT UNPACKING pc=0x000001ca5aca3aa2 sp=0x0000004cb67fe3e8 mode 2
Event: 2.270 Thread 0x000001ca5051b8e0 Uncommon trap: trap_request=0xffffff45 fr.pc=0x000001ca5b255154 relative=0x00000000000000b4
Event: 2.270 Thread 0x000001ca5051b8e0 Uncommon trap: reason=unstable_if action=reinterpret pc=0x000001ca5b255154 method=java.util.HashMap.hash(Ljava/lang/Object;)I @ 1 c2
Event: 2.270 Thread 0x000001ca5051b8e0 DEOPT PACKING pc=0x000001ca5b255154 sp=0x0000004cb67fe590
Event: 2.270 Thread 0x000001ca5051b8e0 DEOPT UNPACKING pc=0x000001ca5aca3aa2 sp=0x0000004cb67fe528 mode 2
Event: 2.270 Thread 0x000001ca5051b8e0 Uncommon trap: trap_request=0xffffffde fr.pc=0x000001ca5b2388d4 relative=0x00000000000005b4
Event: 2.270 Thread 0x000001ca5051b8e0 Uncommon trap: reason=class_check action=maybe_recompile pc=0x000001ca5b2388d4 method=java.util.Collections$UnmodifiableCollection$1.<init>(Ljava/util/Collections$UnmodifiableCollection;)V @ 17 c2
Event: 2.270 Thread 0x000001ca5051b8e0 DEOPT PACKING pc=0x000001ca5b2388d4 sp=0x0000004cb67fe5c0
Event: 2.270 Thread 0x000001ca5051b8e0 DEOPT UNPACKING pc=0x000001ca5aca3aa2 sp=0x0000004cb67fe508 mode 2

Classes loaded (20 events):
Event: 2.242 Loading class java/util/concurrent/locks/ReentrantReadWriteLock$NonfairSync
Event: 2.242 Loading class java/util/concurrent/locks/ReentrantReadWriteLock$Sync
Event: 2.242 Loading class java/util/concurrent/locks/ReentrantReadWriteLock$Sync done
Event: 2.242 Loading class java/util/concurrent/locks/ReentrantReadWriteLock$NonfairSync done
Event: 2.243 Loading class java/util/concurrent/locks/ReentrantReadWriteLock$Sync$ThreadLocalHoldCounter
Event: 2.243 Loading class java/util/concurrent/locks/ReentrantReadWriteLock$Sync$ThreadLocalHoldCounter done
Event: 2.243 Loading class java/util/concurrent/locks/ReentrantReadWriteLock$ReadLock
Event: 2.243 Loading class java/util/concurrent/locks/ReentrantReadWriteLock$ReadLock done
Event: 2.243 Loading class java/util/concurrent/locks/ReentrantReadWriteLock$WriteLock
Event: 2.243 Loading class java/util/concurrent/locks/ReentrantReadWriteLock$WriteLock done
Event: 2.272 Loading class java/net/URLClassLoader$3
Event: 2.272 Loading class java/net/URLClassLoader$3 done
Event: 2.272 Loading class java/net/URLClassLoader$3$1
Event: 2.272 Loading class java/net/URLClassLoader$3$1 done
Event: 2.273 Loading class jdk/internal/loader/URLClassPath$FileLoader
Event: 2.273 Loading class jdk/internal/loader/URLClassPath$FileLoader done
Event: 2.287 Loading class java/lang/ClassFormatError
Event: 2.287 Loading class java/lang/ClassFormatError done
Event: 2.387 Loading class java/lang/invoke/MethodHandle$1
Event: 2.387 Loading class java/lang/invoke/MethodHandle$1 done

Classes unloaded (0 events):
No events

Classes redefined (0 events):
No events

Internal exceptions (20 events):
Event: 1.686 Thread 0x000001ca5051b8e0 Exception <a 'java/io/FileNotFoundException'{0x00000000d64cb130}> (0x00000000d64cb130) 
thrown [s\src\hotspot\share\prims\jni.cpp, line 520]
Event: 1.687 Thread 0x000001ca5051b8e0 Exception <a 'java/io/FileNotFoundException'{0x00000000d64cc4a8}> (0x00000000d64cc4a8) 
thrown [s\src\hotspot\share\prims\jni.cpp, line 520]
Event: 1.687 Thread 0x000001ca5051b8e0 Exception <a 'java/io/FileNotFoundException'{0x00000000d64cd170}> (0x00000000d64cd170) 
thrown [s\src\hotspot\share\prims\jni.cpp, line 520]
Event: 1.689 Thread 0x000001ca5051b8e0 Exception <a 'java/io/FileNotFoundException'{0x00000000d64cdcf0}> (0x00000000d64cdcf0) 
thrown [s\src\hotspot\share\prims\jni.cpp, line 520]
Event: 1.697 Thread 0x000001ca5051b8e0 Implicit null exception at 0x000001ca5b21cb24 to 0x000001ca5b21d0f0
Event: 1.716 Thread 0x000001ca5051b8e0 Exception <a 'java/io/FileNotFoundException'{0x00000000d6506198}> (0x00000000d6506198) 
thrown [s\src\hotspot\share\prims\jni.cpp, line 520]
Event: 1.733 Thread 0x000001ca5051b8e0 Exception <a 'java/lang/NoSuchMethodError'{0x00000000d653f848}: 'java.lang.Object java.lang.invoke.DirectMethodHandle$Holder.invokeInterface(java.lang.Object, java.lang.Object)'> (0x00000000d653f848) 
thrown [s\src\hotspot\share\interpreter\linkResolver.cpp, line 773]
Event: 1.739 Thread 0x000001ca5051b8e0 Exception <a 'java/lang/NoSuchMethodError'{0x00000000d6552e18}: 'java.lang.Object java.lang.invoke.Invokers$Holder.invokeExact_MT(java.lang.Object, java.lang.Object, java.lang.Object, java.lang.Object, java.lang.Object, java.lang.Object)'> (0x00000000d6552e18) 
thrown [s\src\hotspot\share\interpreter\linkResolver.cpp, line 773]
Event: 1.745 Thread 0x000001ca5051b8e0 Exception <a 'java/lang/NoSuchMethodError'{0x00000000d6569ef0}: 'int java.lang.invoke.DirectMethodHandle$Holder.invokeStatic(java.lang.Object, java.lang.Object, java.lang.Object, java.lang.Object, java.lang.Object)'> (0x00000000d6569ef0) 
thrown [s\src\hotspot\share\interpreter\linkResolver.cpp, line 773]
Event: 1.796 Thread 0x000001ca5051b8e0 Exception <a 'java/lang/NoSuchMethodError'{0x00000000d65ff228}: 'java.lang.Object java.lang.invoke.DirectMethodHandle$Holder.invokeInterface(java.lang.Object, java.lang.Object, int)'> (0x00000000d65ff228) 
thrown [s\src\hotspot\share\interpreter\linkResolver.cpp, line 773]
Event: 1.970 Thread 0x000001ca5051b8e0 Exception <a 'java/lang/NoSuchMethodError'{0x00000000d6a65a40}: 'java.lang.ClassLoader java.lang.ClassLoader.getPlatformClassLoader(java.lang.Class)'> (0x00000000d6a65a40) 
thrown [s\src\hotspot\share\interpreter\linkResolver.cpp, line 773]
Event: 2.138 Thread 0x000001ca5051b8e0 Exception <a 'java/lang/ClassNotFoundException'{0x00000000d5582cb8}: sun/net/www/protocol/c/Handler> (0x00000000d5582cb8) 
thrown [s\src\hotspot\share\classfile\systemDictionary.cpp, line 312]
Event: 2.139 Thread 0x000001ca5051b8e0 Exception <a 'java/lang/ClassNotFoundException'{0x00000000d5584048}: sun/net/www/protocol/c/Handler> (0x00000000d5584048) 
thrown [s\src\hotspot\share\classfile\systemDictionary.cpp, line 312]
Event: 2.139 Thread 0x000001ca5051b8e0 Exception <a 'java/lang/ClassNotFoundException'{0x00000000d5585208}: sun/net/www/protocol/c/Handler> (0x00000000d5585208) 
thrown [s\src\hotspot\share\classfile\systemDictionary.cpp, line 312]
Event: 2.152 Thread 0x000001ca5051b8e0 Exception <a 'java/io/FileNotFoundException'{0x00000000d55af2b0}> (0x00000000d55af2b0) 
thrown [s\src\hotspot\share\prims\jni.cpp, line 520]
Event: 2.266 Thread 0x000001ca5051b8e0 Implicit null exception at 0x000001ca5b253366 to 0x000001ca5b253412
Event: 2.267 Thread 0x000001ca5051b8e0 Implicit null exception at 0x000001ca5b25959a to 0x000001ca5b2597b8
Event: 2.268 Thread 0x000001ca5051b8e0 Exception <a 'java/lang/NoSuchMethodError'{0x00000000d56e0950}: 'void java.lang.invoke.DirectMethodHandle$Holder.invokeStatic(java.lang.Object, java.lang.Object, java.lang.Object, java.lang.Object)'> (0x00000000d56e0950) 
thrown [s\src\hotspot\share\interpreter\linkResolver.cpp, line 773]
Event: 2.270 Thread 0x000001ca5051b8e0 Implicit null exception at 0x000001ca5b256340 to 0x000001ca5b256614
Event: 2.270 Thread 0x000001ca5051b8e0 Implicit null exception at 0x000001ca5b2550c0 to 0x000001ca5b255145

ZGC Phase Switch (0 events):
No events

VM Operations (14 events):
Event: 0.188 Executing VM operation: HandshakeAllThreads (Deoptimize)
Event: 0.188 Executing VM operation: HandshakeAllThreads (Deoptimize) done
Event: 0.368 Executing VM operation: HandshakeAllThreads (Deoptimize)
Event: 0.368 Executing VM operation: HandshakeAllThreads (Deoptimize) done
Event: 1.217 Executing VM operation: HandshakeAllThreads (Deoptimize)
Event: 1.217 Executing VM operation: HandshakeAllThreads (Deoptimize) done
Event: 1.217 Executing VM operation: Cleanup
Event: 1.217 Executing VM operation: Cleanup done
Event: 1.259 Executing VM operation: HandshakeAllThreads (Deoptimize)
Event: 1.259 Executing VM operation: HandshakeAllThreads (Deoptimize) done
Event: 2.090 Executing VM operation: HandshakeAllThreads (Deoptimize)
Event: 2.090 Executing VM operation: HandshakeAllThreads (Deoptimize) done
Event: 2.124 Executing VM operation: ParallelGCFailedAllocation (Allocation Failure)
Event: 2.135 Executing VM operation: ParallelGCFailedAllocation (Allocation Failure) done

Memory protections (0 events):
No events

Nmethod flushes (0 events):
No events

Events (17 events):
Event: 0.038 Thread 0x000001ca5051b8e0 Thread added: 0x000001ca5051b8e0
Event: 0.081 Thread 0x000001ca5051b8e0 Thread added: 0x000001ca5048fab0
Event: 0.081 Thread 0x000001ca5051b8e0 Thread added: 0x000001ca50491160
Event: 0.081 Thread 0x000001ca5051b8e0 Thread added: 0x000001ca50494ca0
Event: 0.082 Thread 0x000001ca5051b8e0 Thread added: 0x000001ca50495dc0
Event: 0.082 Thread 0x000001ca5051b8e0 Thread added: 0x000001ca50496ad0
Event: 0.082 Thread 0x000001ca5051b8e0 Thread added: 0x000001ca50498530
Event: 0.082 Thread 0x000001ca5051b8e0 Thread added: 0x000001ca50499360
Event: 0.097 Thread 0x000001ca5051b8e0 Thread added: 0x000001ca687ac0c0
Event: 0.273 Thread 0x000001ca5051b8e0 Thread added: 0x000001ca689a2320
Event: 0.431 Thread 0x000001ca687ac0c0 Thread added: 0x000001ca689b1410
Event: 0.698 Thread 0x000001ca5051b8e0 Thread added: 0x000001ca6d03b120
Event: 1.006 Thread 0x000001ca689b1410 Thread added: 0x000001ca68b6dd60
Event: 1.660 Thread 0x000001ca68b6dd60 Thread exited: 0x000001ca68b6dd60
Event: 1.663 Thread 0x000001ca689b1410 Thread exited: 0x000001ca689b1410
Event: 1.786 Thread 0x000001ca687ac0c0 Thread added: 0x000001ca6d2a1c80
Event: 2.386 Thread 0x000001ca6d2a1c80 Thread exited: 0x000001ca6d2a1c80


Dynamic libraries:
0x00007ff714720000 - 0x00007ff71472e000 	c:\Users\PureTrek\.antigravity\extensions\redhat.java-1.52.0-win32-x64\jre\21.0.9-win32-x86_64\bin\java.exe
0x00007ff83e460000 - 0x00007ff83e650000 	C:\windows\SYSTEM32\ntdll.dll
0x00007ff83c700000 - 0x00007ff83c7b2000 	C:\windows\System32\KERNEL32.DLL
0x00007ff83b5d0000 - 0x00007ff83b875000 	C:\windows\System32\KERNELBASE.dll
0x00007ff83b880000 - 0x00007ff83b97a000 	C:\windows\System32\ucrtbase.dll
0x00007ff826110000 - 0x00007ff826128000 	c:\Users\PureTrek\.antigravity\extensions\redhat.java-1.52.0-win32-x64\jre\21.0.9-win32-x86_64\bin\jli.dll
0x00007ff826c10000 - 0x00007ff826c2e000 	c:\Users\PureTrek\.antigravity\extensions\redhat.java-1.52.0-win32-x64\jre\21.0.9-win32-x86_64\bin\VCRUNTIME140.dll
0x00007ff83e090000 - 0x00007ff83e224000 	C:\windows\System32\USER32.dll
0x00007ff83c390000 - 0x00007ff83c3b1000 	C:\windows\System32\win32u.dll
0x00007ff8268b0000 - 0x00007ff826b34000 	C:\windows\WinSxS\amd64_microsoft.windows.common-controls_6595b64144ccf1df_6.0.18362.1379_none_9e7ff3b3e45cc0c4\COMCTL32.dll
0x00007ff83e060000 - 0x00007ff83e086000 	C:\windows\System32\GDI32.dll
0x00007ff83e240000 - 0x00007ff83e2de000 	C:\windows\System32\msvcrt.dll
0x00007ff83b430000 - 0x00007ff83b5c8000 	C:\windows\System32\gdi32full.dll
0x00007ff83dc50000 - 0x00007ff83df87000 	C:\windows\System32\combase.dll
0x00007ff83bab0000 - 0x00007ff83bb4e000 	C:\windows\System32\msvcp_win.dll
0x00007ff83d680000 - 0x00007ff83d79f000 	C:\windows\System32\RPCRT4.dll
0x00007ff83bb50000 - 0x00007ff83bbd1000 	C:\windows\System32\bcryptPrimitives.dll
0x00007ff83c6d0000 - 0x00007ff83c6fe000 	C:\windows\System32\IMM32.DLL
0x00007ff82fb00000 - 0x00007ff82fb0c000 	c:\Users\PureTrek\.antigravity\extensions\redhat.java-1.52.0-win32-x64\jre\21.0.9-win32-x86_64\bin\vcruntime140_1.dll
0x00007ff80c7a0000 - 0x00007ff80c82d000 	c:\Users\PureTrek\.antigravity\extensions\redhat.java-1.52.0-win32-x64\jre\21.0.9-win32-x86_64\bin\msvcp140.dll
0x00007ffff2ba0000 - 0x00007ffff3940000 	c:\Users\PureTrek\.antigravity\extensions\redhat.java-1.52.0-win32-x64\jre\21.0.9-win32-x86_64\bin\server\jvm.dll
0x00007ff83c620000 - 0x00007ff83c6c3000 	C:\windows\System32\ADVAPI32.dll
0x00007ff83db40000 - 0x00007ff83dbd7000 	C:\windows\System32\sechost.dll
0x00007ff83b390000 - 0x00007ff83b3da000 	C:\windows\System32\POWRPROF.dll
0x00007ff83b310000 - 0x00007ff83b320000 	C:\windows\System32\UMPDC.dll
0x00007ff83d7a0000 - 0x00007ff83d80f000 	C:\windows\System32\WS2_32.dll
0x00007ff837e40000 - 0x00007ff837e64000 	C:\windows\SYSTEM32\WINMM.dll
0x00007ff834960000 - 0x00007ff83496a000 	C:\windows\SYSTEM32\VERSION.dll
0x00007ff837c50000 - 0x00007ff837c7d000 	C:\windows\SYSTEM32\WINMMBASE.dll
0x00007ff83b3e0000 - 0x00007ff83b42a000 	C:\windows\System32\cfgmgr32.dll
0x00007ff83b350000 - 0x00007ff83b361000 	C:\windows\System32\kernel.appcore.dll
0x00007ff82ddc0000 - 0x00007ff82ddca000 	c:\Users\PureTrek\.antigravity\extensions\redhat.java-1.52.0-win32-x64\jre\21.0.9-win32-x86_64\bin\jimage.dll
0x00007ff839c10000 - 0x00007ff839e04000 	C:\windows\SYSTEM32\DBGHELP.DLL
0x00007ff825750000 - 0x00007ff82577a000 	C:\windows\SYSTEM32\dbgcore.DLL
0x00007ff833c40000 - 0x00007ff833c4f000 	c:\Users\PureTrek\.antigravity\extensions\redhat.java-1.52.0-win32-x64\jre\21.0.9-win32-x86_64\bin\instrument.dll
0x00007ff8260f0000 - 0x00007ff826110000 	c:\Users\PureTrek\.antigravity\extensions\redhat.java-1.52.0-win32-x64\jre\21.0.9-win32-x86_64\bin\java.dll
0x00007ff83cf30000 - 0x00007ff83d618000 	C:\windows\System32\SHELL32.dll
0x00007ff83c570000 - 0x00007ff83c617000 	C:\windows\System32\shcore.dll
0x00007ff83bc10000 - 0x00007ff83c38b000 	C:\windows\System32\windows.storage.dll
0x00007ff83b320000 - 0x00007ff83b343000 	C:\windows\System32\profapi.dll
0x00007ff83c870000 - 0x00007ff83c8c2000 	C:\windows\System32\shlwapi.dll
0x00007ff83ba90000 - 0x00007ff83baa7000 	C:\windows\System32\cryptsp.dll
0x00007ff825b90000 - 0x00007ff825ba8000 	c:\Users\PureTrek\.antigravity\extensions\redhat.java-1.52.0-win32-x64\jre\21.0.9-win32-x86_64\bin\zip.dll
0x00007ff82dc80000 - 0x00007ff82dc90000 	C:\Users\PureTrek\.antigravity\extensions\redhat.java-1.52.0-win32-x64\jre\21.0.9-win32-x86_64\bin\net.dll
0x00007ff82d480000 - 0x00007ff82d570000 	C:\windows\SYSTEM32\WINHTTP.dll
0x00007ff83ab50000 - 0x00007ff83abb7000 	C:\windows\system32\mswsock.dll
0x00007ff8236f0000 - 0x00007ff823706000 	C:\Users\PureTrek\.antigravity\extensions\redhat.java-1.52.0-win32-x64\jre\21.0.9-win32-x86_64\bin\nio.dll
0x00007ff833600000 - 0x00007ff833610000 	c:\Users\PureTrek\.antigravity\extensions\redhat.java-1.52.0-win32-x64\jre\21.0.9-win32-x86_64\bin\verify.dll

JVMTI agents:
c:\Users\PureTrek\.antigravity\extensions\redhat.java-1.52.0-win32-x64\lombok\lombok-1.18.39-4050.jar path:c:\Users\PureTrek\.antigravity\extensions\redhat.java-1.52.0-win32-x64\jre\21.0.9-win32-x86_64\bin\instrument.dll, loaded, initialized, instrumentlib options:none

dbghelp: loaded successfully - version: 4.0.5 - missing functions: none
symbol engine: initialized successfully - sym options: 0x614 - pdb path: .;c:\Users\PureTrek\.antigravity\extensions\redhat.java-1.52.0-win32-x64\jre\21.0.9-win32-x86_64\bin;C:\windows\SYSTEM32;C:\windows\WinSxS\amd64_microsoft.windows.common-controls_6595b64144ccf1df_6.0.18362.1379_none_9e7ff3b3e45cc0c4;c:\Users\PureTrek\.antigravity\extensions\redhat.java-1.52.0-win32-x64\jre\21.0.9-win32-x86_64\bin\server

VM Arguments:
jvm_args: --add-modules=ALL-SYSTEM --add-opens=java.base/java.util=ALL-UNNAMED --add-opens=java.base/java.lang=ALL-UNNAMED --add-opens=java.base/sun.nio.fs=ALL-UNNAMED -Declipse.application=org.eclipse.jdt.ls.core.id1 -Dosgi.bundles.defaultStartLevel=4 -Declipse.product=org.eclipse.jdt.ls.core.product -Djava.import.generatesMetadataFilesAtProjectRoot=false -DDetectVMInstallationsJob.disabled=true -Dfile.encoding=utf8 -XX:+UseParallelGC -XX:GCTimeRatio=4 -XX:AdaptiveSizePolicyWeight=90 -Dsun.zip.disableMemoryMapping=true -Xmx2G -Xms100m -Xlog:disable -javaagent:c:\Users\PureTrek\.antigravity\extensions\redhat.java-1.52.0-win32-x64\lombok\lombok-1.18.39-4050.jar -XX:+HeapDumpOnOutOfMemoryError -XX:HeapDumpPath=c:\Users\PureTrek\AppData\Roaming\Antigravity\User\workspaceStorage\a88d72cb4ae1111928d1999356a313cd\redhat.java -Daether.dependencyCollector.impl=bf 
java_command: c:\Users\PureTrek\.antigravity\extensions\redhat.java-1.52.0-win32-x64\server\plugins\org.eclipse.equinox.launcher_1.7.100.v20251111-0406.jar -configuration c:\Users\PureTrek\AppData\Roaming\Antigravity\User\globalStorage\redhat.java\1.52.0\config_win -data c:\Users\PureTrek\AppData\Roaming\Antigravity\User\workspaceStorage\a88d72cb4ae1111928d1999356a313cd\redhat.java\jdt_ws --pipe=\\.\pipe\lsp-c3231fbaacb7b44b53936f4593a77381-sock
java_class_path (initial): c:\Users\PureTrek\.antigravity\extensions\redhat.java-1.52.0-win32-x64\server\plugins\org.eclipse.equinox.launcher_1.7.100.v20251111-0406.jar
Launcher Type: SUN_STANDARD

[Global flags]
    uintx AdaptiveSizePolicyWeight                 = 90                                        {product} {command line}
     intx CICompilerCount                          = 4                                         {product} {ergonomic}
    uintx GCTimeRatio                              = 4                                         {product} {command line}
     bool HeapDumpOnOutOfMemoryError               = true                                   {manageable} {command line}
    ccstr HeapDumpPath                             = c:\Users\PureTrek\AppData\Roaming\Antigravity\User\workspaceStorage\a88d72cb4ae1111928d1999356a313cd\redhat.java         {manageable} {command line}
   size_t InitialHeapSize                          = 104857600                                 {product} {command line}
   size_t MaxHeapSize                              = 2147483648                                {product} {command line}
   size_t MaxNewSize                               = 715653120                                 {product} {ergonomic}
   size_t MinHeapDeltaBytes                        = 524288                                    {product} {ergonomic}
   size_t MinHeapSize                              = 104857600                                 {product} {command line}
   size_t NewSize                                  = 34603008                                  {product} {ergonomic}
    uintx NonNMethodCodeHeapSize                   = 5839372                                {pd product} {ergonomic}
    uintx NonProfiledCodeHeapSize                  = 122909434                              {pd product} {ergonomic}
   size_t OldSize                                  = 70254592                                  {product} {ergonomic}
    uintx ProfiledCodeHeapSize                     = 122909434                              {pd product} {ergonomic}
    uintx ReservedCodeCacheSize                    = 251658240                              {pd product} {ergonomic}
     bool SegmentedCodeCache                       = true                                      {product} {ergonomic}
   size_t SoftMaxHeapSize                          = 2147483648                             {manageable} {ergonomic}
     bool UseCompressedOops                        = true                           {product lp64_product} {ergonomic}
     bool UseLargePagesIndividualAllocation        = false                                  {pd product} {ergonomic}
     bool UseParallelGC                            = true                                      {product} {command line}

Logging:
Log output configuration:
 #0: stdout all=off uptime,level,tags foldmultilines=false
 #1: stderr all=off uptime,level,tags foldmultilines=false

Release file:
JAVA_VERSION="21.0.9" 
MODULES="java.base java.compiler java.datatransfer java.xml java.prefs java.desktop java.instrument java.logging java.management java.security.sasl java.naming java.rmi java.management.rmi java.net.http java.scripting java.security.jgss java.transaction.xa java.sql java.sql.rowset java.xml.crypto java.se java.smartcardio jdk.accessibility jdk.internal.jvmstat jdk.attach jdk.charsets jdk.internal.opt jdk.zipfs jdk.compiler jdk.crypto.ec jdk.crypto.cryptoki jdk.crypto.mscapi jdk.dynalink jdk.internal.ed jdk.editpad jdk.hotspot.agent jdk.httpserver jdk.internal.le jdk.internal.vm.ci jdk.internal.vm.compiler jdk.internal.vm.compiler.management jdk.jartool jdk.javadoc jdk.jcmd jdk.management jdk.management.agent jdk.jconsole jdk.jdeps jdk.jdwp.agent jdk.jdi jdk.jfr jdk.jshell jdk.jsobject jdk.jstatd jdk.localedata jdk.management.jfr jdk.naming.dns jdk.naming.rmi jdk.net jdk.nio.mapmode jdk.random jdk.sctp jdk.security.auth jdk.security.jgss jdk.unsupported jdk.unsupported.desktop jdk.xml.dom" 

Environment Variables:
JAVA_HOME=C:\Users\PureTrek\Desktop\Installers_and_zips\java-1.8.0-openjdk-1.8.0.392-1.b08.redhat.windows.x86_64
PATH=C:\Program Files (x86)\Intel\Intel(R) Management Engine Components\iCLS\;C:\Program Files\Intel\Intel(R) Management Engine Components\iCLS\;C:\windows\system32;C:\windows;C:\windows\System32\Wbem;C:\windows\System32\WindowsPowerShell\v1.0\;C:\windows\System32\OpenSSH\;C:\Program Files (x86)\Intel\Intel(R) Management Engine Components\DAL;C:\Program Files\Intel\Intel(R) Management Engine Components\DAL;C:\Program Files (x86)\Intel\Intel(R) Management Engine Components\IPT;C:\Program Files\Intel\Intel(R) Management Engine Components\IPT;C:\Program Files\Git\cmd;C:\Program Files\nodejs\;C:\Program Files\GitHub CLI\;C:\Program Files (x86)\Intel\Intel(R) Management Engine Components\iCLS\;C:\Program Files\Intel\Intel(R) Management Engine Components\iCLS\;C:\windows\system32;C:\windows;C:\windows\System32\Wbem;C:\windows\System32\WindowsPowerShell\v1.0\;C:\windows\System32\OpenSSH\;C:\Program Files (x86)\Intel\Intel(R) Management Engine Components\DAL;C:\Program Files\Intel\Intel(R) Management Engine Components\DAL;C:\Program Files (x86)\Intel\Intel(R) Management Engine Components\IPT;C:\Program Files\Intel\Intel(R) Management Engine Components\IPT;C:\Program Files\Git\cmd;C:\Program Files\nodejs\;C:\Program Files\GitHub CLI\;C:\Users\PureTrek\Desktop\Installers_and_zips\java-1.8.0-openjdk-1.8.0.392-1.b08.redhat.windows.x86_64\bin;C:\Users\PureTrek\AppData\Local\Programs\Antigravity\bin
USERNAME=PureTrek
OS=Windows_NT
PROCESSOR_IDENTIFIER=Intel64 Family 6 Model 142 Stepping 10, GenuineIntel
TMP=C:\Users\PureTrek\AppData\Local\Temp
TEMP=C:\Users\PureTrek\AppData\Local\Temp




Periodic native trim disabled

---------------  S Y S T E M  ---------------

OS:
 Windows 10 , 64 bit Build 18362 (10.0.18362.1350)
OS uptime: 0 days 5:38 hours

CPU: total 8 (initial active 8) (4 cores per cpu, 2 threads per core) family 6 model 142 stepping 10 microcode 0xe0, cx8, cmov, fxsr, ht, mmx, 3dnowpref, sse, sse2, sse3, ssse3, sse4.1, sse4.2, popcnt, lzcnt, tsc, tscinvbit, avx, avx2, aes, erms, clmul, bmi1, bmi2, adx, fma, vzeroupper, clflush, clflushopt, rdtscp, f16c
Processor Information for the first 8 processors :
  Max Mhz: 1801, Current Mhz: 1600, Mhz Limit: 1584

Memory: 4k page, system-wide physical 6055M (567M free)
TotalPageFile size 24487M (AvailPageFile size 47M)
current process WorkingSet (physical memory assigned to process): 79M, peak: 79M
current process commit charge ("private bytes"): 235M, peak: 235M

vm_info: OpenJDK 64-Bit Server VM (21.0.9+10-LTS) for windows-amd64 JRE (21.0.9+10-LTS), built on 2025-10-21T00:00:00Z by "admin" with unknown MS VC++:1942

END.
