#
# There is insufficient memory for the Java Runtime Environment to continue.
# Native memory allocation (malloc) failed to allocate 62416 bytes. Error detail: Chunk::new
# Possible reasons:
#   The system is out of physical RAM or swap space
#   This process is running with CompressedOops enabled, and the Java Heap may be blocking the growth of the native heap
# Possible solutions:
#   Reduce memory load on the system
#   Increase physical memory or swap space
#   Check if swap backing store is full
#   Decrease Java heap size (-Xmx/-Xms)
#   Decrease number of Java threads
#   Decrease Java thread stack sizes (-Xss)
#   Set larger code cache with -XX:ReservedCodeCacheSize=
#   JVM is running with Unscaled Compressed Oops mode in which the Java heap is
#     placed in the first 4GB address space. The Java Heap base address is the
#     maximum limit for the native heap growth. Please use -XX:HeapBaseMinAddress
#     to set the Java Heap base and to place the Java Heap above 4GB virtual address.
# This output file may be truncated or incomplete.
#
#  Out of Memory Error (arena.cpp:168), pid=1492, tid=14524
#
# JRE version: OpenJDK Runtime Environment Temurin-21.0.9+10 (21.0.9+10) (build 21.0.9+10-LTS)
# Java VM: OpenJDK 64-Bit Server VM Temurin-21.0.9+10 (21.0.9+10-LTS, mixed mode, sharing, tiered, compressed oops, compressed class ptrs, parallel gc, windows-amd64)
# No core dump will be written. Minidumps are not enabled by default on client versions of Windows
#

---------------  S U M M A R Y ------------

Command Line: --add-modules=ALL-SYSTEM --add-opens=java.base/java.util=ALL-UNNAMED --add-opens=java.base/java.lang=ALL-UNNAMED --add-opens=java.base/sun.nio.fs=ALL-UNNAMED -Declipse.application=org.eclipse.jdt.ls.core.id1 -Dosgi.bundles.defaultStartLevel=4 -Declipse.product=org.eclipse.jdt.ls.core.product -Djava.import.generatesMetadataFilesAtProjectRoot=false -DDetectVMInstallationsJob.disabled=true -Dfile.encoding=utf8 -XX:+UseParallelGC -XX:GCTimeRatio=4 -XX:AdaptiveSizePolicyWeight=90 -Dsun.zip.disableMemoryMapping=true -Xmx2G -Xms100m -Xlog:disable -javaagent:c:\Users\PureTrek\.antigravity\extensions\redhat.java-1.52.0-win32-x64\lombok\lombok-1.18.39-4050.jar c:\Users\PureTrek\.antigravity\extensions\redhat.java-1.52.0-win32-x64\server\plugins\org.eclipse.equinox.launcher_1.7.100.v20251111-0406.jar -configuration c:\Users\PureTrek\AppData\Roaming\Antigravity\User\globalStorage\redhat.java\1.52.0\config_ss_win -data c:\Users\PureTrek\AppData\Roaming\Antigravity\User\workspaceStorage\a88d72cb4ae1111928d1999356a313cd\redhat.java\ss_ws --pipe=\\.\pipe\lsp-30195718517109b1278832deb9c4d6f4-sock

Host: Intel(R) Core(TM) i5-8250U CPU @ 1.60GHz, 8 cores, 5G,  Windows 10 , 64 bit Build 18362 (10.0.18362.1350)
Time: Sat Feb 21 14:36:53 2026 Hora estándar, América Central elapsed time: 34.841735 seconds (0d 0h 0m 34s)

---------------  T H R E A D  ---------------

Current thread (0x0000028814f442f0):  JavaThread "C2 CompilerThread0" daemon [_thread_in_native, id=14524, stack(0x000000c4ce000000,0x000000c4ce100000) (1024K)]


Current CompileTask:
C2:34842 1778       4       java.lang.StringLatin1::toLowerCase (186 bytes)

Stack: [0x000000c4ce000000,0x000000c4ce100000]
Native frames: (J=compiled Java code, j=interpreted, Vv=VM code, C=native code)
V  [jvm.dll+0x6d6e29]
V  [jvm.dll+0x8b4b76]
V  [jvm.dll+0x8b712e]
V  [jvm.dll+0x8b7813]
V  [jvm.dll+0x283d86]
V  [jvm.dll+0xc66ed]
V  [jvm.dll+0xc6c31]
V  [jvm.dll+0x2facee]
V  [jvm.dll+0x5fde44]
V  [jvm.dll+0x255557]
V  [jvm.dll+0x24d64b]
V  [jvm.dll+0x24b482]
V  [jvm.dll+0x1cb13e]
V  [jvm.dll+0x25b29d]
V  [jvm.dll+0x25982a]
V  [jvm.dll+0x3f7ea6]
V  [jvm.dll+0x85e9ad]
V  [jvm.dll+0x6d565d]
C  [ucrtbase.dll+0x210b2]
C  [KERNEL32.DLL+0x17c24]
C  [ntdll.dll+0x6d721]


---------------  P R O C E S S  ---------------

Threads class SMR info:
_java_thread_list=0x00000288730d1260, length=12, elements={
0x0000028814fc8480, 0x0000028814f39d10, 0x0000028814f3b3c0, 0x0000028814f3e0e0,
0x0000028814f3edf0, 0x0000028814f41b10, 0x0000028814f43570, 0x0000028814f442f0,
0x000002886e25bf70, 0x000002886e3dcab0, 0x000002886e52b260, 0x000002886ee0fba0
}

Java Threads: ( => current thread )
  0x0000028814fc8480 JavaThread "main"                              [_thread_in_native, id=13660, stack(0x000000c4cd600000,0x000000c4cd700000) (1024K)]
  0x0000028814f39d10 JavaThread "Reference Handler"          daemon [_thread_blocked, id=5492, stack(0x000000c4cda00000,0x000000c4cdb00000) (1024K)]
  0x0000028814f3b3c0 JavaThread "Finalizer"                  daemon [_thread_blocked, id=6652, stack(0x000000c4cdb00000,0x000000c4cdc00000) (1024K)]
  0x0000028814f3e0e0 JavaThread "Signal Dispatcher"          daemon [_thread_blocked, id=3672, stack(0x000000c4cdc00000,0x000000c4cdd00000) (1024K)]
  0x0000028814f3edf0 JavaThread "Attach Listener"            daemon [_thread_blocked, id=5944, stack(0x000000c4cdd00000,0x000000c4cde00000) (1024K)]
  0x0000028814f41b10 JavaThread "Service Thread"             daemon [_thread_blocked, id=15144, stack(0x000000c4cde00000,0x000000c4cdf00000) (1024K)]
  0x0000028814f43570 JavaThread "Monitor Deflation Thread"   daemon [_thread_blocked, id=12024, stack(0x000000c4cdf00000,0x000000c4ce000000) (1024K)]
=>0x0000028814f442f0 JavaThread "C2 CompilerThread0"         daemon [_thread_in_native, id=14524, stack(0x000000c4ce000000,0x000000c4ce100000) (1024K)]
  0x000002886e25bf70 JavaThread "C1 CompilerThread0"         daemon [_thread_blocked, id=4184, stack(0x000000c4ce100000,0x000000c4ce200000) (1024K)]
  0x000002886e3dcab0 JavaThread "Common-Cleaner"             daemon [_thread_blocked, id=9760, stack(0x000000c4ce200000,0x000000c4ce300000) (1024K)]
  0x000002886e52b260 JavaThread "Notification Thread"        daemon [_thread_blocked, id=724, stack(0x000000c4ce300000,0x000000c4ce400000) (1024K)]
  0x000002886ee0fba0 JavaThread "Active Thread: Equinox Container: 236f86f7-54e6-492a-9e9f-abdde44c4114"        [_thread_blocked, id=17192, stack(0x000000c4cec00000,0x000000c4ced00000) (1024K)]
Total: 12

Other Threads:
  0x0000028814f21be0 VMThread "VM Thread"                           [id=14376, stack(0x000000c4cd900000,0x000000c4cda00000) (1024K)]
  0x0000028814e5c7c0 WatcherThread "VM Periodic Task Thread"        [id=14436, stack(0x000000c4cd800000,0x000000c4cd900000) (1024K)]
  0x0000028814fe9060 WorkerThread "GC Thread#0"                     [id=5660, stack(0x000000c4cd700000,0x000000c4cd800000) (1024K)]
  0x000002886e8680c0 WorkerThread "GC Thread#1"                     [id=316, stack(0x000000c4ce500000,0x000000c4ce600000) (1024K)]
  0x000002886e868460 WorkerThread "GC Thread#2"                     [id=4784, stack(0x000000c4ce600000,0x000000c4ce700000) (1024K)]
  0x000002886ee157a0 WorkerThread "GC Thread#3"                     [id=9688, stack(0x000000c4ce700000,0x000000c4ce800000) (1024K)]
  0x000002886ee15b40 WorkerThread "GC Thread#4"                     [id=2584, stack(0x000000c4ce800000,0x000000c4ce900000) (1024K)]
  0x000002886eb8d2f0 WorkerThread "GC Thread#5"                     [id=8076, stack(0x000000c4ce900000,0x000000c4cea00000) (1024K)]
  0x000002886eb8d690 WorkerThread "GC Thread#6"                     [id=5580, stack(0x000000c4cea00000,0x000000c4ceb00000) (1024K)]
Total: 9

Threads with active compile tasks:
C2 CompilerThread0  34924 1778       4       java.lang.StringLatin1::toLowerCase (186 bytes)
Total: 1

VM state: not at safepoint (normal execution)

VM Mutex/Monitor currently owned by a thread: None

Heap address: 0x0000000080000000, size: 2048 MB, Compressed Oops mode: 32-bit

CDS archive(s) mapped at: [0x000002882c000000-0x000002882cba0000-0x000002882cba0000), size 12189696, SharedBaseAddress: 0x000002882c000000, ArchiveRelocationMode: 1.
Compressed class space mapped at: 0x000002882d000000-0x000002886d000000, reserved size: 1073741824
Narrow klass base: 0x000002882c000000, Narrow klass shift: 0, Narrow klass range: 0x100000000

GC Precious Log:
 CardTable entry size: 512
 CPUs: 8 total, 8 available
 Memory: 6055M
 Large Page Support: Disabled
 NUMA Support: Disabled
 Compressed Oops: Enabled (32-bit)
 Alignments: Space 512K, Generation 512K, Heap 2M
 Heap Min Capacity: 100M
 Heap Initial Capacity: 100M
 Heap Max Capacity: 2G
 Pre-touch: Disabled
 Parallel Workers: 8

Heap:
 PSYoungGen      total 29696K, used 26985K [0x00000000d5580000, 0x00000000d7680000, 0x0000000100000000)
  eden space 25600K, 92% used [0x00000000d5580000,0x00000000d6ca4710,0x00000000d6e80000)
  from space 4096K, 80% used [0x00000000d6e80000,0x00000000d71b5ea8,0x00000000d7280000)
  to   space 4096K, 0% used [0x00000000d7280000,0x00000000d7280000,0x00000000d7680000)
 ParOldGen       total 68608K, used 16K [0x0000000080000000, 0x0000000084300000, 0x00000000d5580000)
  object space 68608K, 0% used [0x0000000080000000,0x0000000080004000,0x0000000084300000)
 Metaspace       used 7918K, committed 8192K, reserved 1114112K
  class space    used 830K, committed 960K, reserved 1048576K

Card table byte_map: [0x0000028814970000,0x0000028814d80000] _byte_map_base: 0x0000028814570000

Marking Bits: (ParMarkBitMap*) 0x00007ffff3862460
 Begin Bits: [0x0000028827480000, 0x0000028829480000)
 End Bits:   [0x0000028829480000, 0x000002882b480000)

Polling page: 0x0000028812d80000

Metaspace:

Usage:
  Non-class:      6.92 MB used.
      Class:    830.47 KB used.
       Both:      7.73 MB used.

Virtual space:
  Non-class space:       64.00 MB reserved,       7.06 MB ( 11%) committed,  1 nodes.
      Class space:        1.00 GB reserved,     960.00 KB ( <1%) committed,  1 nodes.
             Both:        1.06 GB reserved,       8.00 MB ( <1%) committed. 

Chunk freelists:
   Non-Class:  8.83 MB
       Class:  14.91 MB
        Both:  23.73 MB

MaxMetaspaceSize: unlimited
CompressedClassSpaceSize: 1.00 GB
Initial GC threshold: 21.00 MB
Current GC threshold: 21.00 MB
CDS: on
 - commit_granule_bytes: 65536.
 - commit_granule_words: 8192.
 - virtual_space_node_default_size: 8388608.
 - enlarge_chunks_in_place: 1.
 - use_allocation_guard: 0.


Internal statistics:

num_allocs_failed_limit: 0.
num_arena_births: 228.
num_arena_deaths: 0.
num_vsnodes_births: 2.
num_vsnodes_deaths: 0.
num_space_committed: 128.
num_space_uncommitted: 0.
num_chunks_returned_to_freelist: 0.
num_chunks_taken_from_freelist: 423.
num_chunk_merges: 0.
num_chunk_splits: 269.
num_chunks_enlarged: 177.
num_inconsistent_stats: 0.

CodeHeap 'non-profiled nmethods': size=120000Kb used=783Kb max_used=783Kb free=119216Kb
 bounds [0x000002881fca0000, 0x000002881ff10000, 0x00000288271d0000]
CodeHeap 'profiled nmethods': size=120000Kb used=3170Kb max_used=3170Kb free=116829Kb
 bounds [0x00000288181d0000, 0x00000288184f0000, 0x000002881f700000]
CodeHeap 'non-nmethods': size=5760Kb used=1216Kb max_used=1251Kb free=4543Kb
 bounds [0x000002881f700000, 0x000002881f970000, 0x000002881fca0000]
CodeCache: size=245760Kb, used=5169Kb, max_used=5204Kb, free=240588Kb
 total_blobs=2260, nmethods=1777, adapters=390, full_count=0
Compilation: enabled, stopped_count=0, restarted_count=0

Compilation events (20 events):
Event: 17.067 Thread 0x000002886e25bf70 1769       3       java.io.WinNTFileSystem::resolve (326 bytes)
Event: 17.078 Thread 0x000002886e25bf70 nmethod 1769 0x00000288184dd890 code [0x00000288184dddc0, 0x00000288184e0bc8]
Event: 19.501 Thread 0x0000028814f442f0 1770       4       java.lang.CharacterDataLatin1::equalsIgnoreCase (63 bytes)
Event: 19.505 Thread 0x0000028814f442f0 nmethod 1770 0x000002881fd63710 code [0x000002881fd638a0, 0x000002881fd63950]
Event: 28.417 Thread 0x000002886e25bf70 1771       3       java.net.URL::<init> (11 bytes)
Event: 28.418 Thread 0x000002886e25bf70 nmethod 1771 0x00000288184e1d10 code [0x00000288184e1ec0, 0x00000288184e2008]
Event: 29.790 Thread 0x000002886e25bf70 1772       3       java.io.File::<init> (111 bytes)
Event: 29.792 Thread 0x000002886e25bf70 nmethod 1772 0x00000288184e2090 code [0x00000288184e2340, 0x00000288184e2dc0]
Event: 30.865 Thread 0x000002886e25bf70 1773       3       jdk.internal.misc.CarrierThreadLocal::get (10 bytes)
Event: 30.865 Thread 0x000002886e25bf70 nmethod 1773 0x00000288184e3210 code [0x00000288184e33e0, 0x00000288184e36a0]
Event: 30.865 Thread 0x000002886e25bf70 1774       3       java.lang.System$2::getCarrierThreadLocal (5 bytes)
Event: 30.866 Thread 0x000002886e25bf70 nmethod 1774 0x00000288184e3790 code [0x00000288184e3940, 0x00000288184e3b98]
Event: 30.866 Thread 0x000002886e25bf70 1775       3       java.lang.ThreadLocal::getCarrierThreadLocal (29 bytes)
Event: 30.867 Thread 0x000002886e25bf70 nmethod 1775 0x00000288184e3c90 code [0x00000288184e3e40, 0x00000288184e3fa8]
Event: 31.499 Thread 0x000002886e25bf70 1776       1       sun.nio.fs.NativeBuffer::size (5 bytes)
Event: 31.500 Thread 0x000002886e25bf70 nmethod 1776 0x000002881fd63a10 code [0x000002881fd63ba0, 0x000002881fd63c68]
Event: 33.288 Thread 0x000002886e25bf70 1777       3       sun.net.util.IPAddressUtil::checkExternalForm (98 bytes)
Event: 33.289 Thread 0x000002886e25bf70 nmethod 1777 0x00000288184e4090 code [0x00000288184e4280, 0x00000288184e45b8]
Event: 34.831 Thread 0x0000028814f442f0 1778       4       java.lang.StringLatin1::toLowerCase (186 bytes)
Event: 34.832 Thread 0x000002886e25bf70 1779       3       sun.nio.fs.WindowsPathParser::normalize (233 bytes)

GC Heap History (2 events):
Event: 3.450 GC heap before
{Heap before GC invocations=1 (full 0):
 PSYoungGen      total 29696K, used 25600K [0x00000000d5580000, 0x00000000d7680000, 0x0000000100000000)
  eden space 25600K, 100% used [0x00000000d5580000,0x00000000d6e80000,0x00000000d6e80000)
  from space 4096K, 0% used [0x00000000d7280000,0x00000000d7280000,0x00000000d7680000)
  to   space 4096K, 0% used [0x00000000d6e80000,0x00000000d6e80000,0x00000000d7280000)
 ParOldGen       total 68608K, used 0K [0x0000000080000000, 0x0000000084300000, 0x00000000d5580000)
  object space 68608K, 0% used [0x0000000080000000,0x0000000080000000,0x0000000084300000)
 Metaspace       used 4352K, committed 4608K, reserved 1114112K
  class space    used 473K, committed 576K, reserved 1048576K
}
Event: 3.473 GC heap after
{Heap after GC invocations=1 (full 0):
 PSYoungGen      total 29696K, used 3287K [0x00000000d5580000, 0x00000000d7680000, 0x0000000100000000)
  eden space 25600K, 0% used [0x00000000d5580000,0x00000000d5580000,0x00000000d6e80000)
  from space 4096K, 80% used [0x00000000d6e80000,0x00000000d71b5ea8,0x00000000d7280000)
  to   space 4096K, 0% used [0x00000000d7280000,0x00000000d7280000,0x00000000d7680000)
 ParOldGen       total 68608K, used 16K [0x0000000080000000, 0x0000000084300000, 0x00000000d5580000)
  object space 68608K, 0% used [0x0000000080000000,0x0000000080004000,0x0000000084300000)
 Metaspace       used 4352K, committed 4608K, reserved 1114112K
  class space    used 473K, committed 576K, reserved 1048576K
}

Dll operation events (8 events):
Event: 0.040 Loaded shared library c:\Users\PureTrek\.antigravity\extensions\redhat.java-1.52.0-win32-x64\jre\21.0.9-win32-x86_64\bin\java.dll
Event: 0.589 Loaded shared library c:\Users\PureTrek\.antigravity\extensions\redhat.java-1.52.0-win32-x64\jre\21.0.9-win32-x86_64\bin\zip.dll
Event: 0.664 Loaded shared library C:\Users\PureTrek\.antigravity\extensions\redhat.java-1.52.0-win32-x64\jre\21.0.9-win32-x86_64\bin\instrument.dll
Event: 0.688 Loaded shared library C:\Users\PureTrek\.antigravity\extensions\redhat.java-1.52.0-win32-x64\jre\21.0.9-win32-x86_64\bin\net.dll
Event: 0.695 Loaded shared library C:\Users\PureTrek\.antigravity\extensions\redhat.java-1.52.0-win32-x64\jre\21.0.9-win32-x86_64\bin\nio.dll
Event: 0.705 Loaded shared library C:\Users\PureTrek\.antigravity\extensions\redhat.java-1.52.0-win32-x64\jre\21.0.9-win32-x86_64\bin\zip.dll
Event: 0.812 Loaded shared library C:\Users\PureTrek\.antigravity\extensions\redhat.java-1.52.0-win32-x64\jre\21.0.9-win32-x86_64\bin\jimage.dll
Event: 1.185 Loaded shared library c:\Users\PureTrek\.antigravity\extensions\redhat.java-1.52.0-win32-x64\jre\21.0.9-win32-x86_64\bin\verify.dll

Deoptimization events (20 events):
Event: 4.239 Thread 0x0000028814fc8480 DEOPT PACKING pc=0x000002881fceb344 sp=0x000000c4cd6fe6f0
Event: 4.239 Thread 0x0000028814fc8480 DEOPT UNPACKING pc=0x000002881f753aa2 sp=0x000000c4cd6fe680 mode 2
Event: 4.323 Thread 0x0000028814fc8480 DEOPT PACKING pc=0x000002881829f73c sp=0x000000c4cd6fc640
Event: 4.323 Thread 0x0000028814fc8480 DEOPT UNPACKING pc=0x000002881f754242 sp=0x000000c4cd6fbb60 mode 0
Event: 4.345 Thread 0x0000028814fc8480 DEOPT PACKING pc=0x00000288182d188b sp=0x000000c4cd6fcc50
Event: 4.345 Thread 0x0000028814fc8480 DEOPT UNPACKING pc=0x000002881f754242 sp=0x000000c4cd6fc0c8 mode 0
Event: 4.347 Thread 0x0000028814fc8480 DEOPT PACKING pc=0x000002881834c088 sp=0x000000c4cd6fc850
Event: 4.347 Thread 0x0000028814fc8480 DEOPT UNPACKING pc=0x000002881f754242 sp=0x000000c4cd6fbcd0 mode 0
Event: 4.347 Thread 0x0000028814fc8480 DEOPT PACKING pc=0x00000288182ccd86 sp=0x000000c4cd6fc710
Event: 4.347 Thread 0x0000028814fc8480 DEOPT UNPACKING pc=0x000002881f754242 sp=0x000000c4cd6fbb90 mode 0
Event: 4.350 Thread 0x0000028814fc8480 DEOPT PACKING pc=0x000002881834c088 sp=0x000000c4cd6fcb60
Event: 4.350 Thread 0x0000028814fc8480 DEOPT UNPACKING pc=0x000002881f754242 sp=0x000000c4cd6fbfe0 mode 0
Event: 4.351 Thread 0x0000028814fc8480 DEOPT PACKING pc=0x00000288182ccd86 sp=0x000000c4cd6fc960
Event: 4.351 Thread 0x0000028814fc8480 DEOPT UNPACKING pc=0x000002881f754242 sp=0x000000c4cd6fbde0 mode 0
Event: 4.352 Thread 0x0000028814fc8480 DEOPT PACKING pc=0x000002881834c088 sp=0x000000c4cd6fcab0
Event: 4.352 Thread 0x0000028814fc8480 DEOPT UNPACKING pc=0x000002881f754242 sp=0x000000c4cd6fbf30 mode 0
Event: 4.354 Thread 0x0000028814fc8480 DEOPT PACKING pc=0x000002881834c088 sp=0x000000c4cd6fcdb0
Event: 4.354 Thread 0x0000028814fc8480 DEOPT UNPACKING pc=0x000002881f754242 sp=0x000000c4cd6fc230 mode 0
Event: 16.455 Thread 0x0000028814fc8480 DEOPT PACKING pc=0x000002881837c143 sp=0x000000c4cd6fecc0
Event: 16.455 Thread 0x0000028814fc8480 DEOPT UNPACKING pc=0x000002881f754242 sp=0x000000c4cd6fe138 mode 0

Classes loaded (20 events):
Event: 4.336 Loading class java/security/KeyStoreException
Event: 4.336 Loading class java/security/KeyStoreException done
Event: 4.383 Loading class java/util/LinkedList$Node
Event: 4.384 Loading class java/util/LinkedList$Node done
Event: 4.384 Loading class java/util/LinkedList$ListItr
Event: 4.384 Loading class java/util/LinkedList$ListItr done
Event: 4.387 Loading class java/lang/Thread$Builder$OfPlatform
Event: 4.387 Loading class java/lang/Thread$Builder
Event: 4.387 Loading class java/lang/Thread$Builder done
Event: 4.387 Loading class java/lang/Thread$Builder$OfPlatform done
Event: 4.387 Loading class java/lang/Thread$Builder$OfVirtual
Event: 4.387 Loading class java/lang/Thread$Builder$OfVirtual done
Event: 4.397 Loading class sun/nio/fs/WindowsChannelFactory
Event: 4.397 Loading class sun/nio/fs/WindowsChannelFactory done
Event: 4.397 Loading class sun/nio/fs/WindowsChannelFactory$1
Event: 4.397 Loading class sun/nio/fs/WindowsChannelFactory$1 done
Event: 4.397 Loading class sun/nio/fs/WindowsChannelFactory$Flags
Event: 4.397 Loading class sun/nio/fs/WindowsChannelFactory$Flags done
Event: 4.398 Loading class sun/nio/ch/FileChannelImpl$Closer
Event: 4.398 Loading class sun/nio/ch/FileChannelImpl$Closer done

Classes unloaded (0 events):
No events

Classes redefined (0 events):
No events

Internal exceptions (20 events):
Event: 2.900 Thread 0x0000028814fc8480 Exception <a 'java/lang/NoSuchMethodError'{0x00000000d6568d98}: 'int java.lang.invoke.DirectMethodHandle$Holder.invokeStatic(java.lang.Object, java.lang.Object, java.lang.Object, java.lang.Object, java.lang.Object)'> (0x00000000d6568d98) 
thrown [s\src\hotspot\share\interpreter\linkResolver.cpp, line 773]
Event: 3.012 Thread 0x0000028814fc8480 Exception <a 'java/lang/NoSuchMethodError'{0x00000000d65fc838}: 'java.lang.Object java.lang.invoke.DirectMethodHandle$Holder.invokeInterface(java.lang.Object, java.lang.Object, int)'> (0x00000000d65fc838) 
thrown [s\src\hotspot\share\interpreter\linkResolver.cpp, line 773]
Event: 3.325 Thread 0x0000028814fc8480 Exception <a 'java/lang/NoSuchMethodError'{0x00000000d6a63210}: 'java.lang.ClassLoader java.lang.ClassLoader.getPlatformClassLoader(java.lang.Class)'> (0x00000000d6a63210) 
thrown [s\src\hotspot\share\interpreter\linkResolver.cpp, line 773]
Event: 3.474 Thread 0x0000028814fc8480 Exception <a 'java/lang/ClassNotFoundException'{0x00000000d5580a70}: sun/net/www/protocol/c/Handler> (0x00000000d5580a70) 
thrown [s\src\hotspot\share\classfile\systemDictionary.cpp, line 312]
Event: 3.474 Thread 0x0000028814fc8480 Exception <a 'java/lang/ClassNotFoundException'{0x00000000d5581e00}: sun/net/www/protocol/c/Handler> (0x00000000d5581e00) 
thrown [s\src\hotspot\share\classfile\systemDictionary.cpp, line 312]
Event: 3.475 Thread 0x0000028814fc8480 Exception <a 'java/lang/ClassNotFoundException'{0x00000000d5582fc0}: sun/net/www/protocol/c/Handler> (0x00000000d5582fc0) 
thrown [s\src\hotspot\share\classfile\systemDictionary.cpp, line 312]
Event: 3.490 Thread 0x0000028814fc8480 Exception <a 'java/io/FileNotFoundException'{0x00000000d55ab888}> (0x00000000d55ab888) 
thrown [s\src\hotspot\share\prims\jni.cpp, line 520]
Event: 3.554 Thread 0x0000028814fc8480 Implicit null exception at 0x000002881fd04de6 to 0x000002881fd04e92
Event: 3.554 Thread 0x0000028814fc8480 Implicit null exception at 0x000002881fd13d9a to 0x000002881fd13fbc
Event: 3.556 Thread 0x0000028814fc8480 Exception <a 'java/lang/NoSuchMethodError'{0x00000000d56dbc68}: 'void java.lang.invoke.DirectMethodHandle$Holder.invokeStatic(java.lang.Object, java.lang.Object, java.lang.Object, java.lang.Object)'> (0x00000000d56dbc68) 
thrown [s\src\hotspot\share\interpreter\linkResolver.cpp, line 773]
Event: 3.558 Thread 0x0000028814fc8480 Implicit null exception at 0x000002881fd1369a to 0x000002881fd138bc
Event: 3.753 Thread 0x0000028814fc8480 Exception <a 'java/lang/NoSuchMethodError'{0x00000000d59a09b8}: 'void java.lang.invoke.DirectMethodHandle$Holder.invokeSpecial(java.lang.Object, java.lang.Object, java.lang.Object)'> (0x00000000d59a09b8) 
thrown [s\src\hotspot\share\interpreter\linkResolver.cpp, line 773]
Event: 4.078 Thread 0x0000028814fc8480 Exception <a 'java/lang/NoSuchMethodError'{0x00000000d62b04b0}: 'int java.lang.invoke.DirectMethodHandle$Holder.invokeVirtual(java.lang.Object, java.lang.Object)'> (0x00000000d62b04b0) 
thrown [s\src\hotspot\share\interpreter\linkResolver.cpp, line 773]
Event: 4.150 Thread 0x0000028814fc8480 Exception <a 'java/lang/NoSuchMethodError'{0x00000000d6423400}: 'int java.lang.invoke.DirectMethodHandle$Holder.invokeStaticInit(java.lang.Object, java.lang.Object, java.lang.Object, java.lang.Object)'> (0x00000000d6423400) 
thrown [s\src\hotspot\share\interpreter\linkResolver.cpp, line 773]
Event: 4.151 Thread 0x0000028814fc8480 Exception <a 'java/lang/IncompatibleClassChangeError'{0x00000000d642b808}: Found class java.lang.Object, but interface was expected> (0x00000000d642b808) 
thrown [s\src\hotspot\share\interpreter\linkResolver.cpp, line 840]
Event: 4.153 Thread 0x0000028814fc8480 Exception <a 'java/lang/NoSuchMethodError'{0x00000000d6431dd8}: 'void java.lang.invoke.DirectMethodHandle$Holder.invokeStaticInit(java.lang.Object, java.lang.Object)'> (0x00000000d6431dd8) 
thrown [s\src\hotspot\share\interpreter\linkResolver.cpp, line 773]
Event: 4.155 Thread 0x0000028814fc8480 Exception <a 'java/lang/NoSuchMethodError'{0x00000000d643b010}: 'int java.lang.invoke.DirectMethodHandle$Holder.invokeStaticInit(java.lang.Object, java.lang.Object)'> (0x00000000d643b010) 
thrown [s\src\hotspot\share\interpreter\linkResolver.cpp, line 773]
Event: 4.225 Thread 0x0000028814fc8480 Exception <a 'java/lang/NoSuchMethodError'{0x00000000d6685d58}: 'java.lang.Object java.lang.invoke.DirectMethodHandle$Holder.newInvokeSpecial(java.lang.Object, int, java.lang.Object)'> (0x00000000d6685d58) 
thrown [s\src\hotspot\share\interpreter\linkResolver.cpp, line 773]
Event: 4.289 Thread 0x0000028814fc8480 Exception <a 'java/lang/ClassNotFoundException'{0x00000000d689ecc8}: sun/net/www/protocol/plurl/Handler> (0x00000000d689ecc8) 
thrown [s\src\hotspot\share\classfile\systemDictionary.cpp, line 312]
Event: 4.289 Thread 0x0000028814fc8480 Exception <a 'java/lang/ClassNotFoundException'{0x00000000d689fb48}: sun/net/www/protocol/plurl/Handler> (0x00000000d689fb48) 
thrown [s\src\hotspot\share\classfile\systemDictionary.cpp, line 312]

ZGC Phase Switch (0 events):
No events

VM Operations (20 events):
Event: 2.348 Executing VM operation: HandshakeAllThreads (Deoptimize)
Event: 2.348 Executing VM operation: HandshakeAllThreads (Deoptimize) done
Event: 2.434 Executing VM operation: HandshakeAllThreads (Deoptimize)
Event: 2.434 Executing VM operation: HandshakeAllThreads (Deoptimize) done
Event: 3.420 Executing VM operation: HandshakeAllThreads (Deoptimize)
Event: 3.420 Executing VM operation: HandshakeAllThreads (Deoptimize) done
Event: 3.420 Executing VM operation: Cleanup
Event: 3.420 Executing VM operation: Cleanup done
Event: 3.450 Executing VM operation: ParallelGCFailedAllocation (Allocation Failure)
Event: 3.473 Executing VM operation: ParallelGCFailedAllocation (Allocation Failure) done
Event: 4.195 Executing VM operation: HandshakeAllThreads (Deoptimize)
Event: 4.195 Executing VM operation: HandshakeAllThreads (Deoptimize) done
Event: 4.209 Executing VM operation: HandshakeAllThreads (Deoptimize)
Event: 4.209 Executing VM operation: HandshakeAllThreads (Deoptimize) done
Event: 4.259 Executing VM operation: HandshakeAllThreads (Deoptimize)
Event: 4.260 Executing VM operation: HandshakeAllThreads (Deoptimize) done
Event: 4.280 Executing VM operation: HandshakeAllThreads (Deoptimize)
Event: 4.280 Executing VM operation: HandshakeAllThreads (Deoptimize) done
Event: 5.280 Executing VM operation: Cleanup
Event: 5.280 Executing VM operation: Cleanup done

Memory protections (0 events):
No events

Nmethod flushes (0 events):
No events

Events (20 events):
Event: 0.247 Thread 0x0000028814fc8480 Thread added: 0x0000028814f3b3c0
Event: 0.247 Thread 0x0000028814fc8480 Thread added: 0x0000028814f3e0e0
Event: 0.247 Thread 0x0000028814fc8480 Thread added: 0x0000028814f3edf0
Event: 0.247 Thread 0x0000028814fc8480 Thread added: 0x0000028814f41b10
Event: 0.247 Thread 0x0000028814fc8480 Thread added: 0x0000028814f43570
Event: 0.248 Thread 0x0000028814fc8480 Thread added: 0x0000028814f442f0
Event: 0.385 Thread 0x0000028814fc8480 Thread added: 0x000002886e25bf70
Event: 0.676 Thread 0x0000028814fc8480 Thread added: 0x000002886e3dcab0
Event: 1.162 Thread 0x0000028814f442f0 Thread added: 0x000002886e461400
Event: 1.288 Thread 0x000002886e461400 Thread exited: 0x000002886e461400
Event: 1.612 Thread 0x0000028814fc8480 Thread added: 0x000002886e52b260
Event: 2.116 Thread 0x000002886e25bf70 Thread added: 0x000002886e543840
Event: 2.284 Thread 0x000002886e25bf70 Thread added: 0x000002886e55dd00
Event: 2.843 Thread 0x000002886e55dd00 Thread exited: 0x000002886e55dd00
Event: 2.844 Thread 0x000002886e543840 Thread exited: 0x000002886e543840
Event: 3.235 Thread 0x000002886e25bf70 Thread added: 0x000002887315bfd0
Event: 3.850 Thread 0x000002886e25bf70 Thread added: 0x0000028873177440
Event: 4.179 Thread 0x0000028814fc8480 Thread added: 0x000002886ee0fba0
Event: 4.501 Thread 0x0000028873177440 Thread exited: 0x0000028873177440
Event: 5.041 Thread 0x000002887315bfd0 Thread exited: 0x000002887315bfd0


Dynamic libraries:
0x00007ff714720000 - 0x00007ff71472e000 	c:\Users\PureTrek\.antigravity\extensions\redhat.java-1.52.0-win32-x64\jre\21.0.9-win32-x86_64\bin\java.exe
0x00007ff83e460000 - 0x00007ff83e650000 	C:\windows\SYSTEM32\ntdll.dll
0x00007ff83c700000 - 0x00007ff83c7b2000 	C:\windows\System32\KERNEL32.DLL
0x00007ff83b5d0000 - 0x00007ff83b875000 	C:\windows\System32\KERNELBASE.dll
0x00007ff83b880000 - 0x00007ff83b97a000 	C:\windows\System32\ucrtbase.dll
0x00007ff826110000 - 0x00007ff826128000 	c:\Users\PureTrek\.antigravity\extensions\redhat.java-1.52.0-win32-x64\jre\21.0.9-win32-x86_64\bin\jli.dll
0x00007ff826c10000 - 0x00007ff826c2e000 	c:\Users\PureTrek\.antigravity\extensions\redhat.java-1.52.0-win32-x64\jre\21.0.9-win32-x86_64\bin\VCRUNTIME140.dll
0x00007ff83e090000 - 0x00007ff83e224000 	C:\windows\System32\USER32.dll
0x00007ff83c390000 - 0x00007ff83c3b1000 	C:\windows\System32\win32u.dll
0x00007ff83e060000 - 0x00007ff83e086000 	C:\windows\System32\GDI32.dll
0x00007ff83b430000 - 0x00007ff83b5c8000 	C:\windows\System32\gdi32full.dll
0x00007ff8268b0000 - 0x00007ff826b34000 	C:\windows\WinSxS\amd64_microsoft.windows.common-controls_6595b64144ccf1df_6.0.18362.1379_none_9e7ff3b3e45cc0c4\COMCTL32.dll
0x00007ff83bab0000 - 0x00007ff83bb4e000 	C:\windows\System32\msvcp_win.dll
0x00007ff83e240000 - 0x00007ff83e2de000 	C:\windows\System32\msvcrt.dll
0x00007ff83dc50000 - 0x00007ff83df87000 	C:\windows\System32\combase.dll
0x00007ff83d680000 - 0x00007ff83d79f000 	C:\windows\System32\RPCRT4.dll
0x00007ff83bb50000 - 0x00007ff83bbd1000 	C:\windows\System32\bcryptPrimitives.dll
0x00007ff83c6d0000 - 0x00007ff83c6fe000 	C:\windows\System32\IMM32.DLL
0x00007ff82fb00000 - 0x00007ff82fb0c000 	c:\Users\PureTrek\.antigravity\extensions\redhat.java-1.52.0-win32-x64\jre\21.0.9-win32-x86_64\bin\vcruntime140_1.dll
0x00007ff80c7a0000 - 0x00007ff80c82d000 	c:\Users\PureTrek\.antigravity\extensions\redhat.java-1.52.0-win32-x64\jre\21.0.9-win32-x86_64\bin\msvcp140.dll
0x00007ffff2ba0000 - 0x00007ffff3940000 	c:\Users\PureTrek\.antigravity\extensions\redhat.java-1.52.0-win32-x64\jre\21.0.9-win32-x86_64\bin\server\jvm.dll
0x00007ff83c620000 - 0x00007ff83c6c3000 	C:\windows\System32\ADVAPI32.dll
0x00007ff83db40000 - 0x00007ff83dbd7000 	C:\windows\System32\sechost.dll
0x00007ff83b390000 - 0x00007ff83b3da000 	C:\windows\System32\POWRPROF.dll
0x00007ff83b310000 - 0x00007ff83b320000 	C:\windows\System32\UMPDC.dll
0x00007ff83d7a0000 - 0x00007ff83d80f000 	C:\windows\System32\WS2_32.dll
0x00007ff837e40000 - 0x00007ff837e64000 	C:\windows\SYSTEM32\WINMM.dll
0x00007ff834960000 - 0x00007ff83496a000 	C:\windows\SYSTEM32\VERSION.dll
0x00007ff837c50000 - 0x00007ff837c7d000 	C:\windows\SYSTEM32\WINMMBASE.dll
0x00007ff83b3e0000 - 0x00007ff83b42a000 	C:\windows\System32\cfgmgr32.dll
0x00007ff83b350000 - 0x00007ff83b361000 	C:\windows\System32\kernel.appcore.dll
0x00007ff82ddc0000 - 0x00007ff82ddca000 	c:\Users\PureTrek\.antigravity\extensions\redhat.java-1.52.0-win32-x64\jre\21.0.9-win32-x86_64\bin\jimage.dll
0x00007ff839c10000 - 0x00007ff839e04000 	C:\windows\SYSTEM32\DBGHELP.DLL
0x00007ff825750000 - 0x00007ff82577a000 	C:\windows\SYSTEM32\dbgcore.DLL
0x00007ff82dd30000 - 0x00007ff82dd3f000 	c:\Users\PureTrek\.antigravity\extensions\redhat.java-1.52.0-win32-x64\jre\21.0.9-win32-x86_64\bin\instrument.dll
0x00007ff8260f0000 - 0x00007ff826110000 	c:\Users\PureTrek\.antigravity\extensions\redhat.java-1.52.0-win32-x64\jre\21.0.9-win32-x86_64\bin\java.dll
0x00007ff83cf30000 - 0x00007ff83d618000 	C:\windows\System32\SHELL32.dll
0x00007ff83c570000 - 0x00007ff83c617000 	C:\windows\System32\shcore.dll
0x00007ff83bc10000 - 0x00007ff83c38b000 	C:\windows\System32\windows.storage.dll
0x00007ff83b320000 - 0x00007ff83b343000 	C:\windows\System32\profapi.dll
0x00007ff83c870000 - 0x00007ff83c8c2000 	C:\windows\System32\shlwapi.dll
0x00007ff83ba90000 - 0x00007ff83baa7000 	C:\windows\System32\cryptsp.dll
0x00007ff825b90000 - 0x00007ff825ba8000 	c:\Users\PureTrek\.antigravity\extensions\redhat.java-1.52.0-win32-x64\jre\21.0.9-win32-x86_64\bin\zip.dll
0x00007ff82dc80000 - 0x00007ff82dc90000 	C:\Users\PureTrek\.antigravity\extensions\redhat.java-1.52.0-win32-x64\jre\21.0.9-win32-x86_64\bin\net.dll
0x00007ff82d480000 - 0x00007ff82d570000 	C:\windows\SYSTEM32\WINHTTP.dll
0x00007ff83ab50000 - 0x00007ff83abb7000 	C:\windows\system32\mswsock.dll
0x00007ff8236f0000 - 0x00007ff823706000 	C:\Users\PureTrek\.antigravity\extensions\redhat.java-1.52.0-win32-x64\jre\21.0.9-win32-x86_64\bin\nio.dll
0x00007ff82da20000 - 0x00007ff82da30000 	c:\Users\PureTrek\.antigravity\extensions\redhat.java-1.52.0-win32-x64\jre\21.0.9-win32-x86_64\bin\verify.dll

JVMTI agents:
c:\Users\PureTrek\.antigravity\extensions\redhat.java-1.52.0-win32-x64\lombok\lombok-1.18.39-4050.jar path:c:\Users\PureTrek\.antigravity\extensions\redhat.java-1.52.0-win32-x64\jre\21.0.9-win32-x86_64\bin\instrument.dll, loaded, initialized, instrumentlib options:none

dbghelp: loaded successfully - version: 4.0.5 - missing functions: none
symbol engine: initialized successfully - sym options: 0x614 - pdb path: .;c:\Users\PureTrek\.antigravity\extensions\redhat.java-1.52.0-win32-x64\jre\21.0.9-win32-x86_64\bin;C:\windows\SYSTEM32;C:\windows\WinSxS\amd64_microsoft.windows.common-controls_6595b64144ccf1df_6.0.18362.1379_none_9e7ff3b3e45cc0c4;c:\Users\PureTrek\.antigravity\extensions\redhat.java-1.52.0-win32-x64\jre\21.0.9-win32-x86_64\bin\server

VM Arguments:
jvm_args: --add-modules=ALL-SYSTEM --add-opens=java.base/java.util=ALL-UNNAMED --add-opens=java.base/java.lang=ALL-UNNAMED --add-opens=java.base/sun.nio.fs=ALL-UNNAMED -Declipse.application=org.eclipse.jdt.ls.core.id1 -Dosgi.bundles.defaultStartLevel=4 -Declipse.product=org.eclipse.jdt.ls.core.product -Djava.import.generatesMetadataFilesAtProjectRoot=false -DDetectVMInstallationsJob.disabled=true -Dfile.encoding=utf8 -XX:+UseParallelGC -XX:GCTimeRatio=4 -XX:AdaptiveSizePolicyWeight=90 -Dsun.zip.disableMemoryMapping=true -Xmx2G -Xms100m -Xlog:disable -javaagent:c:\Users\PureTrek\.antigravity\extensions\redhat.java-1.52.0-win32-x64\lombok\lombok-1.18.39-4050.jar 
java_command: c:\Users\PureTrek\.antigravity\extensions\redhat.java-1.52.0-win32-x64\server\plugins\org.eclipse.equinox.launcher_1.7.100.v20251111-0406.jar -configuration c:\Users\PureTrek\AppData\Roaming\Antigravity\User\globalStorage\redhat.java\1.52.0\config_ss_win -data c:\Users\PureTrek\AppData\Roaming\Antigravity\User\workspaceStorage\a88d72cb4ae1111928d1999356a313cd\redhat.java\ss_ws --pipe=\\.\pipe\lsp-30195718517109b1278832deb9c4d6f4-sock
java_class_path (initial): c:\Users\PureTrek\.antigravity\extensions\redhat.java-1.52.0-win32-x64\server\plugins\org.eclipse.equinox.launcher_1.7.100.v20251111-0406.jar
Launcher Type: SUN_STANDARD

[Global flags]
    uintx AdaptiveSizePolicyWeight                 = 90                                        {product} {command line}
     intx CICompilerCount                          = 4                                         {product} {ergonomic}
    uintx GCTimeRatio                              = 4                                         {product} {command line}
   size_t InitialHeapSize                          = 104857600                                 {product} {command line}
   size_t MaxHeapSize                              = 2147483648                                {product} {command line}
   size_t MaxNewSize                               = 715653120                                 {product} {ergonomic}
   size_t MinHeapDeltaBytes                        = 524288                                    {product} {ergonomic}
   size_t MinHeapSize                              = 104857600                                 {product} {command line}
   size_t NewSize                                  = 34603008                                  {product} {ergonomic}
    uintx NonNMethodCodeHeapSize                   = 5839372                                {pd product} {ergonomic}
    uintx NonProfiledCodeHeapSize                  = 122909434                              {pd product} {ergonomic}
   size_t OldSize                                  = 70254592                                  {product} {ergonomic}
    uintx ProfiledCodeHeapSize                     = 122909434                              {pd product} {ergonomic}
    uintx ReservedCodeCacheSize                    = 251658240                              {pd product} {ergonomic}
     bool SegmentedCodeCache                       = true                                      {product} {ergonomic}
   size_t SoftMaxHeapSize                          = 2147483648                             {manageable} {ergonomic}
     bool UseCompressedOops                        = true                           {product lp64_product} {ergonomic}
     bool UseLargePagesIndividualAllocation        = false                                  {pd product} {ergonomic}
     bool UseParallelGC                            = true                                      {product} {command line}

Logging:
Log output configuration:
 #0: stdout all=off uptime,level,tags foldmultilines=false
 #1: stderr all=off uptime,level,tags foldmultilines=false

Release file:
JAVA_VERSION="21.0.9" 
MODULES="java.base java.compiler java.datatransfer java.xml java.prefs java.desktop java.instrument java.logging java.management java.security.sasl java.naming java.rmi java.management.rmi java.net.http java.scripting java.security.jgss java.transaction.xa java.sql java.sql.rowset java.xml.crypto java.se java.smartcardio jdk.accessibility jdk.internal.jvmstat jdk.attach jdk.charsets jdk.internal.opt jdk.zipfs jdk.compiler jdk.crypto.ec jdk.crypto.cryptoki jdk.crypto.mscapi jdk.dynalink jdk.internal.ed jdk.editpad jdk.hotspot.agent jdk.httpserver jdk.internal.le jdk.internal.vm.ci jdk.internal.vm.compiler jdk.internal.vm.compiler.management jdk.jartool jdk.javadoc jdk.jcmd jdk.management jdk.management.agent jdk.jconsole jdk.jdeps jdk.jdwp.agent jdk.jdi jdk.jfr jdk.jshell jdk.jsobject jdk.jstatd jdk.localedata jdk.management.jfr jdk.naming.dns jdk.naming.rmi jdk.net jdk.nio.mapmode jdk.random jdk.sctp jdk.security.auth jdk.security.jgss jdk.unsupported jdk.unsupported.desktop jdk.xml.dom" 

Environment Variables:
JAVA_HOME=C:\Users\PureTrek\Desktop\Installers_and_zips\java-1.8.0-openjdk-1.8.0.392-1.b08.redhat.windows.x86_64
PATH=C:\Program Files (x86)\Intel\Intel(R) Management Engine Components\iCLS\;C:\Program Files\Intel\Intel(R) Management Engine Components\iCLS\;C:\windows\system32;C:\windows;C:\windows\System32\Wbem;C:\windows\System32\WindowsPowerShell\v1.0\;C:\windows\System32\OpenSSH\;C:\Program Files (x86)\Intel\Intel(R) Management Engine Components\DAL;C:\Program Files\Intel\Intel(R) Management Engine Components\DAL;C:\Program Files (x86)\Intel\Intel(R) Management Engine Components\IPT;C:\Program Files\Intel\Intel(R) Management Engine Components\IPT;C:\Program Files\Git\cmd;C:\Program Files\nodejs\;C:\Program Files\GitHub CLI\;C:\Program Files (x86)\Intel\Intel(R) Management Engine Components\iCLS\;C:\Program Files\Intel\Intel(R) Management Engine Components\iCLS\;C:\windows\system32;C:\windows;C:\windows\System32\Wbem;C:\windows\System32\WindowsPowerShell\v1.0\;C:\windows\System32\OpenSSH\;C:\Program Files (x86)\Intel\Intel(R) Management Engine Components\DAL;C:\Program Files\Intel\Intel(R) Management Engine Components\DAL;C:\Program Files (x86)\Intel\Intel(R) Management Engine Components\IPT;C:\Program Files\Intel\Intel(R) Management Engine Components\IPT;C:\Program Files\Git\cmd;C:\Program Files\nodejs\;C:\Program Files\GitHub CLI\;C:\Users\PureTrek\Desktop\Installers_and_zips\java-1.8.0-openjdk-1.8.0.392-1.b08.redhat.windows.x86_64\bin;C:\Users\PureTrek\AppData\Local\Programs\Antigravity\bin
USERNAME=PureTrek
OS=Windows_NT
PROCESSOR_IDENTIFIER=Intel64 Family 6 Model 142 Stepping 10, GenuineIntel
TMP=C:\Users\PureTrek\AppData\Local\Temp
TEMP=C:\Users\PureTrek\AppData\Local\Temp




Periodic native trim disabled

---------------  S Y S T E M  ---------------

OS:
 Windows 10 , 64 bit Build 18362 (10.0.18362.1350)
OS uptime: 0 days 4:08 hours

CPU: total 8 (initial active 8) (4 cores per cpu, 2 threads per core) family 6 model 142 stepping 10 microcode 0xe0, cx8, cmov, fxsr, ht, mmx, 3dnowpref, sse, sse2, sse3, ssse3, sse4.1, sse4.2, popcnt, lzcnt, tsc, tscinvbit, avx, avx2, aes, erms, clmul, bmi1, bmi2, adx, fma, vzeroupper, clflush, clflushopt, rdtscp, f16c
Processor Information for the first 8 processors :
  Max Mhz: 1801, Current Mhz: 1600, Mhz Limit: 1584

Memory: 4k page, system-wide physical 6055M (724M free)
TotalPageFile size 24487M (AvailPageFile size 294M)
current process WorkingSet (physical memory assigned to process): 79M, peak: 88M
current process commit charge ("private bytes"): 234M, peak: 242M

vm_info: OpenJDK 64-Bit Server VM (21.0.9+10-LTS) for windows-amd64 JRE (21.0.9+10-LTS), built on 2025-10-21T00:00:00Z by "admin" with unknown MS VC++:1942

END.
